Archive member included to satisfy reference by file (symbol)

c:/program files/microchip/xc8/v2.32/avr/bin/../lib/gcc/avr/5.4.0/../../../../avr/lib/avrxmega3\libm.a(addsf3.o)
                              build/default/production/temperature.o (__subsf3)
c:/program files/microchip/xc8/v2.32/avr/bin/../lib/gcc/avr/5.4.0/../../../../avr/lib/avrxmega3\libm.a(addsf3x.o)
                              c:/program files/microchip/xc8/v2.32/avr/bin/../lib/gcc/avr/5.4.0/../../../../avr/lib/avrxmega3\libm.a(addsf3.o) (__addsf3x)
c:/program files/microchip/xc8/v2.32/avr/bin/../lib/gcc/avr/5.4.0/../../../../avr/lib/avrxmega3\libm.a(cmpsf2.o)
                              build/default/production/ADC_toVoltage_Temperature.o (__eqsf2)
c:/program files/microchip/xc8/v2.32/avr/bin/../lib/gcc/avr/5.4.0/../../../../avr/lib/avrxmega3\libm.a(divsf3.o)
                              build/default/production/ADC_toVoltage_Temperature.o (__divsf3)
c:/program files/microchip/xc8/v2.32/avr/bin/../lib/gcc/avr/5.4.0/../../../../avr/lib/avrxmega3\libm.a(divsf3x.o)
                              c:/program files/microchip/xc8/v2.32/avr/bin/../lib/gcc/avr/5.4.0/../../../../avr/lib/avrxmega3\libm.a(divsf3.o) (__divsf3x)
c:/program files/microchip/xc8/v2.32/avr/bin/../lib/gcc/avr/5.4.0/../../../../avr/lib/avrxmega3\libm.a(floatsisf.o)
                              build/default/production/ADC_toVoltage_Temperature.o (__floatunsisf)
c:/program files/microchip/xc8/v2.32/avr/bin/../lib/gcc/avr/5.4.0/../../../../avr/lib/avrxmega3\libm.a(fp_cmp.o)
                              c:/program files/microchip/xc8/v2.32/avr/bin/../lib/gcc/avr/5.4.0/../../../../avr/lib/avrxmega3\libm.a(cmpsf2.o) (__fp_cmp)
c:/program files/microchip/xc8/v2.32/avr/bin/../lib/gcc/avr/5.4.0/../../../../avr/lib/avrxmega3\libm.a(fp_inf.o)
                              c:/program files/microchip/xc8/v2.32/avr/bin/../lib/gcc/avr/5.4.0/../../../../avr/lib/avrxmega3\libm.a(addsf3x.o) (__fp_inf)
c:/program files/microchip/xc8/v2.32/avr/bin/../lib/gcc/avr/5.4.0/../../../../avr/lib/avrxmega3\libm.a(fp_nan.o)
                              c:/program files/microchip/xc8/v2.32/avr/bin/../lib/gcc/avr/5.4.0/../../../../avr/lib/avrxmega3\libm.a(addsf3x.o) (__fp_nan)
c:/program files/microchip/xc8/v2.32/avr/bin/../lib/gcc/avr/5.4.0/../../../../avr/lib/avrxmega3\libm.a(fp_pscA.o)
                              c:/program files/microchip/xc8/v2.32/avr/bin/../lib/gcc/avr/5.4.0/../../../../avr/lib/avrxmega3\libm.a(addsf3x.o) (__fp_pscA)
c:/program files/microchip/xc8/v2.32/avr/bin/../lib/gcc/avr/5.4.0/../../../../avr/lib/avrxmega3\libm.a(fp_pscB.o)
                              c:/program files/microchip/xc8/v2.32/avr/bin/../lib/gcc/avr/5.4.0/../../../../avr/lib/avrxmega3\libm.a(addsf3x.o) (__fp_pscB)
c:/program files/microchip/xc8/v2.32/avr/bin/../lib/gcc/avr/5.4.0/../../../../avr/lib/avrxmega3\libm.a(fp_round.o)
                              c:/program files/microchip/xc8/v2.32/avr/bin/../lib/gcc/avr/5.4.0/../../../../avr/lib/avrxmega3\libm.a(addsf3.o) (__fp_round)
c:/program files/microchip/xc8/v2.32/avr/bin/../lib/gcc/avr/5.4.0/../../../../avr/lib/avrxmega3\libm.a(fp_split3.o)
                              c:/program files/microchip/xc8/v2.32/avr/bin/../lib/gcc/avr/5.4.0/../../../../avr/lib/avrxmega3\libm.a(addsf3x.o) (__fp_split3)
c:/program files/microchip/xc8/v2.32/avr/bin/../lib/gcc/avr/5.4.0/../../../../avr/lib/avrxmega3\libm.a(fp_zero.o)
                              c:/program files/microchip/xc8/v2.32/avr/bin/../lib/gcc/avr/5.4.0/../../../../avr/lib/avrxmega3\libm.a(addsf3x.o) (__fp_zero)
c:/program files/microchip/xc8/v2.32/avr/bin/../lib/gcc/avr/5.4.0/../../../../avr/lib/avrxmega3\libm.a(gesf2.o)
                              build/default/production/temperature.o (__gtsf2)
c:/program files/microchip/xc8/v2.32/avr/bin/../lib/gcc/avr/5.4.0/../../../../avr/lib/avrxmega3\libm.a(mulsf3.o)
                              build/default/production/ADC_toVoltage_Temperature.o (__mulsf3)
c:/program files/microchip/xc8/v2.32/avr/bin/../lib/gcc/avr/5.4.0/../../../../avr/lib/avrxmega3\libm.a(mulsf3x.o)
                              c:/program files/microchip/xc8/v2.32/avr/bin/../lib/gcc/avr/5.4.0/../../../../avr/lib/avrxmega3\libm.a(mulsf3.o) (__mulsf3x)
c:/program files/microchip/xc8/v2.32/avr/bin/../lib/gcc/avr/5.4.0/avrxmega3\libgcc.a(_exit.o)
                              C:/Users/rtavi/.mchp_packs/Microchip/ATtiny_DFP/2.6.122/xc8/avr/lib/avrxmega3/crtattiny1627.o (exit)
c:/program files/microchip/xc8/v2.32/avr/bin/../lib/gcc/avr/5.4.0/avrxmega3\libgcc.a(_copy_data.o)
                              build/default/production/mcc_generated_files/device_config.o (__do_copy_data)

Allocating common symbols
Common symbol       size              file

reg                 0x1               build/default/production/i2c_Temperature.o
I2C0_BusErrorInterruptHandler
                    0x2               build/default/production/mcc_generated_files/src/twi0_slave.o
Tt3                 0x4               build/default/production/mcc_generated_files/src/twi0_slave.o
I2C0_CollisionInterruptHandler
                    0x2               build/default/production/mcc_generated_files/src/twi0_slave.o
I2C0_AddressInterruptHandler
                    0x2               build/default/production/mcc_generated_files/src/twi0_slave.o
I2C0_ReadInterruptHandler
                    0x2               build/default/production/mcc_generated_files/src/twi0_slave.o
temp                0x2               build/default/production/i2c_Temperature.o
Tt4                 0x4               build/default/production/mcc_generated_files/src/twi0_slave.o
Tt1                 0x4               build/default/production/mcc_generated_files/src/twi0_slave.o
I2C0_StopInterruptHandler
                    0x2               build/default/production/mcc_generated_files/src/twi0_slave.o
Vref                0x4               build/default/production/ADC_toVoltage_Temperature.o
I2C0_WriteInterruptHandler
                    0x2               build/default/production/mcc_generated_files/src/twi0_slave.o
Tt5                 0x4               build/default/production/mcc_generated_files/src/twi0_slave.o

Discarded input sections

 .data          0x0000000000000000        0x0 C:/Users/rtavi/.mchp_packs/Microchip/ATtiny_DFP/2.6.122/xc8/avr/lib/avrxmega3/crtattiny1627.o
 .bss           0x0000000000000000        0x0 C:/Users/rtavi/.mchp_packs/Microchip/ATtiny_DFP/2.6.122/xc8/avr/lib/avrxmega3/crtattiny1627.o
 .text          0x0000000000000000        0x0 build/default/production/mcc_generated_files/src/vref.o
 .data          0x0000000000000000        0x0 build/default/production/mcc_generated_files/src/vref.o
 .bss           0x0000000000000000        0x0 build/default/production/mcc_generated_files/src/vref.o
 .text          0x0000000000000000        0x0 build/default/production/mcc_generated_files/src/protected_io.o
 .data          0x0000000000000000        0x0 build/default/production/mcc_generated_files/src/protected_io.o
 .bss           0x0000000000000000        0x0 build/default/production/mcc_generated_files/src/protected_io.o
 .text          0x0000000000000000        0x0 build/default/production/mcc_generated_files/src/adc0.o
 .data          0x0000000000000000        0x0 build/default/production/mcc_generated_files/src/adc0.o
 .bss           0x0000000000000000        0x0 build/default/production/mcc_generated_files/src/adc0.o
 .text.ADC0_Enable
                0x0000000000000000        0xc build/default/production/mcc_generated_files/src/adc0.o
 .text.ADC0_Disable
                0x0000000000000000        0xc build/default/production/mcc_generated_files/src/adc0.o
 .text.ADC0_SetWindowHigh
                0x0000000000000000        0xa build/default/production/mcc_generated_files/src/adc0.o
 .text.ADC0_SetWindowLow
                0x0000000000000000        0xa build/default/production/mcc_generated_files/src/adc0.o
 .text.ADC0_SetWindowMode
                0x0000000000000000        0x6 build/default/production/mcc_generated_files/src/adc0.o
 .text.ADC0_StartConversion
                0x0000000000000000        0xe build/default/production/mcc_generated_files/src/adc0.o
 .text.ADC0_StopConversion
                0x0000000000000000        0xc build/default/production/mcc_generated_files/src/adc0.o
 .text.ADC0_GetConversionResult
                0x0000000000000000       0x12 build/default/production/mcc_generated_files/src/adc0.o
 .text.ADC0_GetConversionSample
                0x0000000000000000        0xa build/default/production/mcc_generated_files/src/adc0.o
 .text.ADC0_GetWindowResult
                0x0000000000000000       0x12 build/default/production/mcc_generated_files/src/adc0.o
 .text.ADC0_GetConversion
                0x0000000000000000       0x28 build/default/production/mcc_generated_files/src/adc0.o
 .text.ADC0_GetResolution
                0x0000000000000000        0x8 build/default/production/mcc_generated_files/src/adc0.o
 .text.ADC0_RegisterWindowCallback
                0x0000000000000000        0xa build/default/production/mcc_generated_files/src/adc0.o
 .text.ADC0_PGA_enable
                0x0000000000000000        0xc build/default/production/mcc_generated_files/src/adc0.o
 .text.ADC0_PGA_disable
                0x0000000000000000        0xc build/default/production/mcc_generated_files/src/adc0.o
 .text.ADC0_PGA_Gain_Setting
                0x0000000000000000        0xe build/default/production/mcc_generated_files/src/adc0.o
 .text.ADC0_PGA_Bias_Select
                0x0000000000000000        0xe build/default/production/mcc_generated_files/src/adc0.o
 .text.ADC0_PGA_Sample_Duration
                0x0000000000000000        0xe build/default/production/mcc_generated_files/src/adc0.o
 .bss.ADC0_window_cb
                0x0000000000000000        0x2 build/default/production/mcc_generated_files/src/adc0.o
 .text          0x0000000000000000        0x0 build/default/production/mcc_generated_files/src/pin_manager.o
 .data          0x0000000000000000        0x0 build/default/production/mcc_generated_files/src/pin_manager.o
 .bss           0x0000000000000000        0x0 build/default/production/mcc_generated_files/src/pin_manager.o
 .text.PORTA_PA4_DefaultInterruptHandler
                0x0000000000000000        0x2 build/default/production/mcc_generated_files/src/pin_manager.o
 .text.PORTB_PB5_DefaultInterruptHandler
                0x0000000000000000        0x2 build/default/production/mcc_generated_files/src/pin_manager.o
 .text.PORTA_PA3_DefaultInterruptHandler
                0x0000000000000000        0x2 build/default/production/mcc_generated_files/src/pin_manager.o
 .text.PORTB_PB4_DefaultInterruptHandler
                0x0000000000000000        0x2 build/default/production/mcc_generated_files/src/pin_manager.o
 .text.PORTA_PA6_DefaultInterruptHandler
                0x0000000000000000        0x2 build/default/production/mcc_generated_files/src/pin_manager.o
 .text.PORTA_PA5_DefaultInterruptHandler
                0x0000000000000000        0x2 build/default/production/mcc_generated_files/src/pin_manager.o
 .text.PORTB_PB1_DefaultInterruptHandler
                0x0000000000000000        0x2 build/default/production/mcc_generated_files/src/pin_manager.o
 .text.PORTB_PB0_DefaultInterruptHandler
                0x0000000000000000        0x2 build/default/production/mcc_generated_files/src/pin_manager.o
 .text.PORTA_PA4_SetInterruptHandler
                0x0000000000000000        0x2 build/default/production/mcc_generated_files/src/pin_manager.o
 .text.PORTB_PB5_SetInterruptHandler
                0x0000000000000000        0x2 build/default/production/mcc_generated_files/src/pin_manager.o
 .text.PORTA_PA3_SetInterruptHandler
                0x0000000000000000        0x2 build/default/production/mcc_generated_files/src/pin_manager.o
 .text.PORTB_PB4_SetInterruptHandler
                0x0000000000000000        0x2 build/default/production/mcc_generated_files/src/pin_manager.o
 .text.PORTA_PA6_SetInterruptHandler
                0x0000000000000000        0x2 build/default/production/mcc_generated_files/src/pin_manager.o
 .text.PORTA_PA5_SetInterruptHandler
                0x0000000000000000        0x2 build/default/production/mcc_generated_files/src/pin_manager.o
 .text.PORTB_PB1_SetInterruptHandler
                0x0000000000000000        0x2 build/default/production/mcc_generated_files/src/pin_manager.o
 .text.PORTB_PB0_SetInterruptHandler
                0x0000000000000000        0x2 build/default/production/mcc_generated_files/src/pin_manager.o
 .text          0x0000000000000000        0x0 build/default/production/mcc_generated_files/src/cpuint.o
 .data          0x0000000000000000        0x0 build/default/production/mcc_generated_files/src/cpuint.o
 .bss           0x0000000000000000        0x0 build/default/production/mcc_generated_files/src/cpuint.o
 .text          0x0000000000000000        0x0 build/default/production/mcc_generated_files/src/twi0_slave.o
 .data          0x0000000000000000        0x0 build/default/production/mcc_generated_files/src/twi0_slave.o
 .bss           0x0000000000000000        0x0 build/default/production/mcc_generated_files/src/twi0_slave.o
 .text.I2C0_SendAck
                0x0000000000000000        0x8 build/default/production/mcc_generated_files/src/twi0_slave.o
 .text.I2C0_SendNack
                0x0000000000000000        0x8 build/default/production/mcc_generated_files/src/twi0_slave.o
 .text.I2C0_SetReadCallback
                0x0000000000000000        0xa build/default/production/mcc_generated_files/src/twi0_slave.o
 .text.I2C0_SetWriteCallback
                0x0000000000000000        0xa build/default/production/mcc_generated_files/src/twi0_slave.o
 .text.I2C0_SetAddressCallback
                0x0000000000000000        0xa build/default/production/mcc_generated_files/src/twi0_slave.o
 .text.I2C0_SetStopCallback
                0x0000000000000000        0xa build/default/production/mcc_generated_files/src/twi0_slave.o
 .text.I2C0_CollisionCallback
                0x0000000000000000       0x10 build/default/production/mcc_generated_files/src/twi0_slave.o
 .text.I2C0_SetCollisionCallback
                0x0000000000000000        0xa build/default/production/mcc_generated_files/src/twi0_slave.o
 .text.I2C0_BusErrorCallback
                0x0000000000000000       0x10 build/default/production/mcc_generated_files/src/twi0_slave.o
 .text.I2C0_SetBusErrorCallback
                0x0000000000000000        0xa build/default/production/mcc_generated_files/src/twi0_slave.o
 .text.I2C0_SlaveOpen
                0x0000000000000000        0xc build/default/production/mcc_generated_files/src/twi0_slave.o
 .text.I2C0_Open
                0x0000000000000000        0x6 build/default/production/mcc_generated_files/src/twi0_slave.o
 .text.I2C0_Enable
                0x0000000000000000        0x6 build/default/production/mcc_generated_files/src/twi0_slave.o
 .text.I2C0_SlaveClose
                0x0000000000000000        0xc build/default/production/mcc_generated_files/src/twi0_slave.o
 .text.I2C0_Close
                0x0000000000000000        0x6 build/default/production/mcc_generated_files/src/twi0_slave.o
 .text.I2C0_SlaveIsBusCollision
                0x0000000000000000        0xc build/default/production/mcc_generated_files/src/twi0_slave.o
 .text.I2C0_SlaveIsBusError
                0x0000000000000000        0xc build/default/production/mcc_generated_files/src/twi0_slave.o
 .text.I2C0_SlaveSendAck
                0x0000000000000000        0x8 build/default/production/mcc_generated_files/src/twi0_slave.o
 .text.I2C0_SlaveSendNack
                0x0000000000000000        0x8 build/default/production/mcc_generated_files/src/twi0_slave.o
 .text.I2C0_SlaveRead
                0x0000000000000000        0x6 build/default/production/mcc_generated_files/src/twi0_slave.o
 .text          0x0000000000000000        0x0 build/default/production/mcc_generated_files/device_config.o
 .data          0x0000000000000000        0x0 build/default/production/mcc_generated_files/device_config.o
 .bss           0x0000000000000000        0x0 build/default/production/mcc_generated_files/device_config.o
 .text          0x0000000000000000        0x0 build/default/production/mcc_generated_files/mcc.o
 .data          0x0000000000000000        0x0 build/default/production/mcc_generated_files/mcc.o
 .bss           0x0000000000000000        0x0 build/default/production/mcc_generated_files/mcc.o
 .text.WDT_Initialize
                0x0000000000000000        0x4 build/default/production/mcc_generated_files/mcc.o
 .text          0x0000000000000000        0x0 build/default/production/main.o
 .data          0x0000000000000000        0x0 build/default/production/main.o
 .bss           0x0000000000000000        0x0 build/default/production/main.o
 .text          0x0000000000000000        0x0 build/default/production/ADC_toVoltage_Temperature.o
 .data          0x0000000000000000        0x0 build/default/production/ADC_toVoltage_Temperature.o
 .bss           0x0000000000000000        0x0 build/default/production/ADC_toVoltage_Temperature.o
 .text.ADC_GetVREF
                0x0000000000000000       0x12 build/default/production/ADC_toVoltage_Temperature.o
 .text          0x0000000000000000        0x0 build/default/production/temperature.o
 .data          0x0000000000000000        0x0 build/default/production/temperature.o
 .bss           0x0000000000000000        0x0 build/default/production/temperature.o
 .text          0x0000000000000000        0x0 build/default/production/i2c_Temperature.o
 .data          0x0000000000000000        0x0 build/default/production/i2c_Temperature.o
 .bss           0x0000000000000000        0x0 build/default/production/i2c_Temperature.o
 .text          0x0000000000000000        0x0 c:/program files/microchip/xc8/v2.32/avr/bin/../lib/gcc/avr/5.4.0/../../../../avr/lib/avrxmega3\libm.a(addsf3.o)
 .data          0x0000000000000000        0x0 c:/program files/microchip/xc8/v2.32/avr/bin/../lib/gcc/avr/5.4.0/../../../../avr/lib/avrxmega3\libm.a(addsf3.o)
 .bss           0x0000000000000000        0x0 c:/program files/microchip/xc8/v2.32/avr/bin/../lib/gcc/avr/5.4.0/../../../../avr/lib/avrxmega3\libm.a(addsf3.o)
 .stack.descriptors
                0x0000000000000000       0x2c c:/program files/microchip/xc8/v2.32/avr/bin/../lib/gcc/avr/5.4.0/../../../../avr/lib/avrxmega3\libm.a(addsf3.o)
 .text          0x0000000000000000        0x0 c:/program files/microchip/xc8/v2.32/avr/bin/../lib/gcc/avr/5.4.0/../../../../avr/lib/avrxmega3\libm.a(addsf3x.o)
 .data          0x0000000000000000        0x0 c:/program files/microchip/xc8/v2.32/avr/bin/../lib/gcc/avr/5.4.0/../../../../avr/lib/avrxmega3\libm.a(addsf3x.o)
 .bss           0x0000000000000000        0x0 c:/program files/microchip/xc8/v2.32/avr/bin/../lib/gcc/avr/5.4.0/../../../../avr/lib/avrxmega3\libm.a(addsf3x.o)
 .stack.descriptors
                0x0000000000000000       0x17 c:/program files/microchip/xc8/v2.32/avr/bin/../lib/gcc/avr/5.4.0/../../../../avr/lib/avrxmega3\libm.a(addsf3x.o)
 .text          0x0000000000000000        0x0 c:/program files/microchip/xc8/v2.32/avr/bin/../lib/gcc/avr/5.4.0/../../../../avr/lib/avrxmega3\libm.a(cmpsf2.o)
 .data          0x0000000000000000        0x0 c:/program files/microchip/xc8/v2.32/avr/bin/../lib/gcc/avr/5.4.0/../../../../avr/lib/avrxmega3\libm.a(cmpsf2.o)
 .bss           0x0000000000000000        0x0 c:/program files/microchip/xc8/v2.32/avr/bin/../lib/gcc/avr/5.4.0/../../../../avr/lib/avrxmega3\libm.a(cmpsf2.o)
 .stack.descriptors
                0x0000000000000000       0x6a c:/program files/microchip/xc8/v2.32/avr/bin/../lib/gcc/avr/5.4.0/../../../../avr/lib/avrxmega3\libm.a(cmpsf2.o)
 .text          0x0000000000000000        0x0 c:/program files/microchip/xc8/v2.32/avr/bin/../lib/gcc/avr/5.4.0/../../../../avr/lib/avrxmega3\libm.a(divsf3.o)
 .data          0x0000000000000000        0x0 c:/program files/microchip/xc8/v2.32/avr/bin/../lib/gcc/avr/5.4.0/../../../../avr/lib/avrxmega3\libm.a(divsf3.o)
 .bss           0x0000000000000000        0x0 c:/program files/microchip/xc8/v2.32/avr/bin/../lib/gcc/avr/5.4.0/../../../../avr/lib/avrxmega3\libm.a(divsf3.o)
 .stack.descriptors
                0x0000000000000000       0x16 c:/program files/microchip/xc8/v2.32/avr/bin/../lib/gcc/avr/5.4.0/../../../../avr/lib/avrxmega3\libm.a(divsf3.o)
 .text          0x0000000000000000        0x0 c:/program files/microchip/xc8/v2.32/avr/bin/../lib/gcc/avr/5.4.0/../../../../avr/lib/avrxmega3\libm.a(divsf3x.o)
 .data          0x0000000000000000        0x0 c:/program files/microchip/xc8/v2.32/avr/bin/../lib/gcc/avr/5.4.0/../../../../avr/lib/avrxmega3\libm.a(divsf3x.o)
 .bss           0x0000000000000000        0x0 c:/program files/microchip/xc8/v2.32/avr/bin/../lib/gcc/avr/5.4.0/../../../../avr/lib/avrxmega3\libm.a(divsf3x.o)
 .stack.descriptors
                0x0000000000000000       0x31 c:/program files/microchip/xc8/v2.32/avr/bin/../lib/gcc/avr/5.4.0/../../../../avr/lib/avrxmega3\libm.a(divsf3x.o)
 .text          0x0000000000000000        0x0 c:/program files/microchip/xc8/v2.32/avr/bin/../lib/gcc/avr/5.4.0/../../../../avr/lib/avrxmega3\libm.a(floatsisf.o)
 .data          0x0000000000000000        0x0 c:/program files/microchip/xc8/v2.32/avr/bin/../lib/gcc/avr/5.4.0/../../../../avr/lib/avrxmega3\libm.a(floatsisf.o)
 .bss           0x0000000000000000        0x0 c:/program files/microchip/xc8/v2.32/avr/bin/../lib/gcc/avr/5.4.0/../../../../avr/lib/avrxmega3\libm.a(floatsisf.o)
 .stack.descriptors
                0x0000000000000000       0x34 c:/program files/microchip/xc8/v2.32/avr/bin/../lib/gcc/avr/5.4.0/../../../../avr/lib/avrxmega3\libm.a(floatsisf.o)
 .text          0x0000000000000000        0x0 c:/program files/microchip/xc8/v2.32/avr/bin/../lib/gcc/avr/5.4.0/../../../../avr/lib/avrxmega3\libm.a(fp_cmp.o)
 .data          0x0000000000000000        0x0 c:/program files/microchip/xc8/v2.32/avr/bin/../lib/gcc/avr/5.4.0/../../../../avr/lib/avrxmega3\libm.a(fp_cmp.o)
 .bss           0x0000000000000000        0x0 c:/program files/microchip/xc8/v2.32/avr/bin/../lib/gcc/avr/5.4.0/../../../../avr/lib/avrxmega3\libm.a(fp_cmp.o)
 .stack.descriptors
                0x0000000000000000       0x16 c:/program files/microchip/xc8/v2.32/avr/bin/../lib/gcc/avr/5.4.0/../../../../avr/lib/avrxmega3\libm.a(fp_cmp.o)
 .text          0x0000000000000000        0x0 c:/program files/microchip/xc8/v2.32/avr/bin/../lib/gcc/avr/5.4.0/../../../../avr/lib/avrxmega3\libm.a(fp_inf.o)
 .data          0x0000000000000000        0x0 c:/program files/microchip/xc8/v2.32/avr/bin/../lib/gcc/avr/5.4.0/../../../../avr/lib/avrxmega3\libm.a(fp_inf.o)
 .bss           0x0000000000000000        0x0 c:/program files/microchip/xc8/v2.32/avr/bin/../lib/gcc/avr/5.4.0/../../../../avr/lib/avrxmega3\libm.a(fp_inf.o)
 .stack.descriptors
                0x0000000000000000       0x16 c:/program files/microchip/xc8/v2.32/avr/bin/../lib/gcc/avr/5.4.0/../../../../avr/lib/avrxmega3\libm.a(fp_inf.o)
 .text          0x0000000000000000        0x0 c:/program files/microchip/xc8/v2.32/avr/bin/../lib/gcc/avr/5.4.0/../../../../avr/lib/avrxmega3\libm.a(fp_nan.o)
 .data          0x0000000000000000        0x0 c:/program files/microchip/xc8/v2.32/avr/bin/../lib/gcc/avr/5.4.0/../../../../avr/lib/avrxmega3\libm.a(fp_nan.o)
 .bss           0x0000000000000000        0x0 c:/program files/microchip/xc8/v2.32/avr/bin/../lib/gcc/avr/5.4.0/../../../../avr/lib/avrxmega3\libm.a(fp_nan.o)
 .stack.descriptors
                0x0000000000000000       0x16 c:/program files/microchip/xc8/v2.32/avr/bin/../lib/gcc/avr/5.4.0/../../../../avr/lib/avrxmega3\libm.a(fp_nan.o)
 .text          0x0000000000000000        0x0 c:/program files/microchip/xc8/v2.32/avr/bin/../lib/gcc/avr/5.4.0/../../../../avr/lib/avrxmega3\libm.a(fp_pscA.o)
 .data          0x0000000000000000        0x0 c:/program files/microchip/xc8/v2.32/avr/bin/../lib/gcc/avr/5.4.0/../../../../avr/lib/avrxmega3\libm.a(fp_pscA.o)
 .bss           0x0000000000000000        0x0 c:/program files/microchip/xc8/v2.32/avr/bin/../lib/gcc/avr/5.4.0/../../../../avr/lib/avrxmega3\libm.a(fp_pscA.o)
 .stack.descriptors
                0x0000000000000000       0x17 c:/program files/microchip/xc8/v2.32/avr/bin/../lib/gcc/avr/5.4.0/../../../../avr/lib/avrxmega3\libm.a(fp_pscA.o)
 .text          0x0000000000000000        0x0 c:/program files/microchip/xc8/v2.32/avr/bin/../lib/gcc/avr/5.4.0/../../../../avr/lib/avrxmega3\libm.a(fp_pscB.o)
 .data          0x0000000000000000        0x0 c:/program files/microchip/xc8/v2.32/avr/bin/../lib/gcc/avr/5.4.0/../../../../avr/lib/avrxmega3\libm.a(fp_pscB.o)
 .bss           0x0000000000000000        0x0 c:/program files/microchip/xc8/v2.32/avr/bin/../lib/gcc/avr/5.4.0/../../../../avr/lib/avrxmega3\libm.a(fp_pscB.o)
 .stack.descriptors
                0x0000000000000000       0x17 c:/program files/microchip/xc8/v2.32/avr/bin/../lib/gcc/avr/5.4.0/../../../../avr/lib/avrxmega3\libm.a(fp_pscB.o)
 .text          0x0000000000000000        0x0 c:/program files/microchip/xc8/v2.32/avr/bin/../lib/gcc/avr/5.4.0/../../../../avr/lib/avrxmega3\libm.a(fp_round.o)
 .data          0x0000000000000000        0x0 c:/program files/microchip/xc8/v2.32/avr/bin/../lib/gcc/avr/5.4.0/../../../../avr/lib/avrxmega3\libm.a(fp_round.o)
 .bss           0x0000000000000000        0x0 c:/program files/microchip/xc8/v2.32/avr/bin/../lib/gcc/avr/5.4.0/../../../../avr/lib/avrxmega3\libm.a(fp_round.o)
 .stack.descriptors
                0x0000000000000000       0x18 c:/program files/microchip/xc8/v2.32/avr/bin/../lib/gcc/avr/5.4.0/../../../../avr/lib/avrxmega3\libm.a(fp_round.o)
 .text          0x0000000000000000        0x0 c:/program files/microchip/xc8/v2.32/avr/bin/../lib/gcc/avr/5.4.0/../../../../avr/lib/avrxmega3\libm.a(fp_split3.o)
 .data          0x0000000000000000        0x0 c:/program files/microchip/xc8/v2.32/avr/bin/../lib/gcc/avr/5.4.0/../../../../avr/lib/avrxmega3\libm.a(fp_split3.o)
 .bss           0x0000000000000000        0x0 c:/program files/microchip/xc8/v2.32/avr/bin/../lib/gcc/avr/5.4.0/../../../../avr/lib/avrxmega3\libm.a(fp_split3.o)
 .stack.descriptors
                0x0000000000000000       0x32 c:/program files/microchip/xc8/v2.32/avr/bin/../lib/gcc/avr/5.4.0/../../../../avr/lib/avrxmega3\libm.a(fp_split3.o)
 .text          0x0000000000000000        0x0 c:/program files/microchip/xc8/v2.32/avr/bin/../lib/gcc/avr/5.4.0/../../../../avr/lib/avrxmega3\libm.a(fp_zero.o)
 .data          0x0000000000000000        0x0 c:/program files/microchip/xc8/v2.32/avr/bin/../lib/gcc/avr/5.4.0/../../../../avr/lib/avrxmega3\libm.a(fp_zero.o)
 .bss           0x0000000000000000        0x0 c:/program files/microchip/xc8/v2.32/avr/bin/../lib/gcc/avr/5.4.0/../../../../avr/lib/avrxmega3\libm.a(fp_zero.o)
 .stack.descriptors
                0x0000000000000000       0x2f c:/program files/microchip/xc8/v2.32/avr/bin/../lib/gcc/avr/5.4.0/../../../../avr/lib/avrxmega3\libm.a(fp_zero.o)
 .text          0x0000000000000000        0x0 c:/program files/microchip/xc8/v2.32/avr/bin/../lib/gcc/avr/5.4.0/../../../../avr/lib/avrxmega3\libm.a(gesf2.o)
 .data          0x0000000000000000        0x0 c:/program files/microchip/xc8/v2.32/avr/bin/../lib/gcc/avr/5.4.0/../../../../avr/lib/avrxmega3\libm.a(gesf2.o)
 .bss           0x0000000000000000        0x0 c:/program files/microchip/xc8/v2.32/avr/bin/../lib/gcc/avr/5.4.0/../../../../avr/lib/avrxmega3\libm.a(gesf2.o)
 .stack.descriptors
                0x0000000000000000       0x2a c:/program files/microchip/xc8/v2.32/avr/bin/../lib/gcc/avr/5.4.0/../../../../avr/lib/avrxmega3\libm.a(gesf2.o)
 .text          0x0000000000000000        0x0 c:/program files/microchip/xc8/v2.32/avr/bin/../lib/gcc/avr/5.4.0/../../../../avr/lib/avrxmega3\libm.a(mulsf3.o)
 .data          0x0000000000000000        0x0 c:/program files/microchip/xc8/v2.32/avr/bin/../lib/gcc/avr/5.4.0/../../../../avr/lib/avrxmega3\libm.a(mulsf3.o)
 .bss           0x0000000000000000        0x0 c:/program files/microchip/xc8/v2.32/avr/bin/../lib/gcc/avr/5.4.0/../../../../avr/lib/avrxmega3\libm.a(mulsf3.o)
 .stack.descriptors
                0x0000000000000000       0x16 c:/program files/microchip/xc8/v2.32/avr/bin/../lib/gcc/avr/5.4.0/../../../../avr/lib/avrxmega3\libm.a(mulsf3.o)
 .text          0x0000000000000000        0x0 c:/program files/microchip/xc8/v2.32/avr/bin/../lib/gcc/avr/5.4.0/../../../../avr/lib/avrxmega3\libm.a(mulsf3x.o)
 .data          0x0000000000000000        0x0 c:/program files/microchip/xc8/v2.32/avr/bin/../lib/gcc/avr/5.4.0/../../../../avr/lib/avrxmega3\libm.a(mulsf3x.o)
 .bss           0x0000000000000000        0x0 c:/program files/microchip/xc8/v2.32/avr/bin/../lib/gcc/avr/5.4.0/../../../../avr/lib/avrxmega3\libm.a(mulsf3x.o)
 .stack.descriptors
                0x0000000000000000       0x31 c:/program files/microchip/xc8/v2.32/avr/bin/../lib/gcc/avr/5.4.0/../../../../avr/lib/avrxmega3\libm.a(mulsf3x.o)
 .text          0x0000000000000000        0x0 c:/program files/microchip/xc8/v2.32/avr/bin/../lib/gcc/avr/5.4.0/avrxmega3\libgcc.a(_exit.o)
 .data          0x0000000000000000        0x0 c:/program files/microchip/xc8/v2.32/avr/bin/../lib/gcc/avr/5.4.0/avrxmega3\libgcc.a(_exit.o)
 .bss           0x0000000000000000        0x0 c:/program files/microchip/xc8/v2.32/avr/bin/../lib/gcc/avr/5.4.0/avrxmega3\libgcc.a(_exit.o)
 .text.libgcc.mul
                0x0000000000000000        0x0 c:/program files/microchip/xc8/v2.32/avr/bin/../lib/gcc/avr/5.4.0/avrxmega3\libgcc.a(_exit.o)
 .text.libgcc.div
                0x0000000000000000        0x0 c:/program files/microchip/xc8/v2.32/avr/bin/../lib/gcc/avr/5.4.0/avrxmega3\libgcc.a(_exit.o)
 .text.libgcc   0x0000000000000000        0x0 c:/program files/microchip/xc8/v2.32/avr/bin/../lib/gcc/avr/5.4.0/avrxmega3\libgcc.a(_exit.o)
 .text.libgcc.prologue
                0x0000000000000000        0x0 c:/program files/microchip/xc8/v2.32/avr/bin/../lib/gcc/avr/5.4.0/avrxmega3\libgcc.a(_exit.o)
 .stack.descriptors
                0x0000000000000000       0x13 c:/program files/microchip/xc8/v2.32/avr/bin/../lib/gcc/avr/5.4.0/avrxmega3\libgcc.a(_exit.o)
 .text.libgcc.builtins
                0x0000000000000000        0x0 c:/program files/microchip/xc8/v2.32/avr/bin/../lib/gcc/avr/5.4.0/avrxmega3\libgcc.a(_exit.o)
 .text.libgcc.fmul
                0x0000000000000000        0x0 c:/program files/microchip/xc8/v2.32/avr/bin/../lib/gcc/avr/5.4.0/avrxmega3\libgcc.a(_exit.o)
 .text.libgcc.fixed
                0x0000000000000000        0x0 c:/program files/microchip/xc8/v2.32/avr/bin/../lib/gcc/avr/5.4.0/avrxmega3\libgcc.a(_exit.o)
 .text          0x0000000000000000        0x0 c:/program files/microchip/xc8/v2.32/avr/bin/../lib/gcc/avr/5.4.0/avrxmega3\libgcc.a(_copy_data.o)
 .data          0x0000000000000000        0x0 c:/program files/microchip/xc8/v2.32/avr/bin/../lib/gcc/avr/5.4.0/avrxmega3\libgcc.a(_copy_data.o)
 .bss           0x0000000000000000        0x0 c:/program files/microchip/xc8/v2.32/avr/bin/../lib/gcc/avr/5.4.0/avrxmega3\libgcc.a(_copy_data.o)
 .text.libgcc.mul
                0x0000000000000000        0x0 c:/program files/microchip/xc8/v2.32/avr/bin/../lib/gcc/avr/5.4.0/avrxmega3\libgcc.a(_copy_data.o)
 .text.libgcc.div
                0x0000000000000000        0x0 c:/program files/microchip/xc8/v2.32/avr/bin/../lib/gcc/avr/5.4.0/avrxmega3\libgcc.a(_copy_data.o)
 .text.libgcc   0x0000000000000000        0x0 c:/program files/microchip/xc8/v2.32/avr/bin/../lib/gcc/avr/5.4.0/avrxmega3\libgcc.a(_copy_data.o)
 .text.libgcc.prologue
                0x0000000000000000        0x0 c:/program files/microchip/xc8/v2.32/avr/bin/../lib/gcc/avr/5.4.0/avrxmega3\libgcc.a(_copy_data.o)
 .text.libgcc.builtins
                0x0000000000000000        0x0 c:/program files/microchip/xc8/v2.32/avr/bin/../lib/gcc/avr/5.4.0/avrxmega3\libgcc.a(_copy_data.o)
 .text.libgcc.fmul
                0x0000000000000000        0x0 c:/program files/microchip/xc8/v2.32/avr/bin/../lib/gcc/avr/5.4.0/avrxmega3\libgcc.a(_copy_data.o)
 .text.libgcc.fixed
                0x0000000000000000        0x0 c:/program files/microchip/xc8/v2.32/avr/bin/../lib/gcc/avr/5.4.0/avrxmega3\libgcc.a(_copy_data.o)

Memory Configuration

Name             Origin             Length             Attributes
text             0x0000000000000000 0x0000000000004000 xr
data             0x0000000000803800 0x0000000000000800 rw !x
eeprom           0x0000000000810000 0x0000000000000100 rw !x
fuse             0x0000000000820000 0x000000000000000a rw !x
lock             0x0000000000830000 0x0000000000000400 rw !x
signature        0x0000000000840000 0x0000000000000400 rw !x
user_signatures  0x0000000000850000 0x0000000000000400 rw !x
*default*        0x0000000000000000 0xffffffffffffffff

Linker script and memory map

Address of section .data set to 0x803800
                0x0000000000008000                __RODATA_PM_OFFSET__ = 0x8000
LOAD C:/Users/rtavi/.mchp_packs/Microchip/ATtiny_DFP/2.6.122/xc8/avr/lib/avrxmega3/crtattiny1627.o
                0x0000000000000001                __MPLAB_BUILD = 0x1
LOAD build/default/production/mcc_generated_files/src/vref.o
LOAD build/default/production/mcc_generated_files/src/protected_io.o
LOAD build/default/production/mcc_generated_files/src/adc0.o
LOAD build/default/production/mcc_generated_files/src/pin_manager.o
LOAD build/default/production/mcc_generated_files/src/cpuint.o
LOAD build/default/production/mcc_generated_files/src/twi0_slave.o
LOAD build/default/production/mcc_generated_files/device_config.o
LOAD build/default/production/mcc_generated_files/mcc.o
LOAD build/default/production/main.o
LOAD build/default/production/ADC_toVoltage_Temperature.o
LOAD build/default/production/temperature.o
LOAD build/default/production/i2c_Temperature.o
START GROUP
LOAD c:/program files/microchip/xc8/v2.32/avr/bin/../lib/gcc/avr/5.4.0/../../../../avr/lib/avrxmega3\libm.a
END GROUP
START GROUP
LOAD c:/program files/microchip/xc8/v2.32/avr/bin/../lib/gcc/avr/5.4.0/avrxmega3\libgcc.a
LOAD c:/program files/microchip/xc8/v2.32/avr/bin/../lib/gcc/avr/5.4.0/../../../../avr/lib/avrxmega3\libm.a
LOAD c:/program files/microchip/xc8/v2.32/avr/bin/../lib/gcc/avr/5.4.0/../../../../avr/lib/avrxmega3\libc.a
LOAD C:/Users/rtavi/.mchp_packs/Microchip/ATtiny_DFP/2.6.122/xc8/avr/lib/avrxmega3\libattiny1627.a
END GROUP
                [0x0000000000000000]                __TEXT_REGION_ORIGIN__ = DEFINED (__TEXT_REGION_ORIGIN__)?__TEXT_REGION_ORIGIN__:0x0
                [0x0000000000803800]                __DATA_REGION_ORIGIN__ = DEFINED (__DATA_REGION_ORIGIN__)?__DATA_REGION_ORIGIN__:0x802000
                [0x0000000000004000]                __TEXT_REGION_LENGTH__ = DEFINED (__TEXT_REGION_LENGTH__)?__TEXT_REGION_LENGTH__:0x100000
                [0x0000000000000800]                __DATA_REGION_LENGTH__ = DEFINED (__DATA_REGION_LENGTH__)?__DATA_REGION_LENGTH__:0xffa0
                [0x0000000000000100]                __EEPROM_REGION_LENGTH__ = DEFINED (__EEPROM_REGION_LENGTH__)?__EEPROM_REGION_LENGTH__:0x10000
                [0x000000000000000a]                __FUSE_REGION_LENGTH__ = DEFINED (__FUSE_REGION_LENGTH__)?__FUSE_REGION_LENGTH__:0x400
                0x0000000000000400                __LOCK_REGION_LENGTH__ = DEFINED (__LOCK_REGION_LENGTH__)?__LOCK_REGION_LENGTH__:0x400
                0x0000000000000400                __SIGNATURE_REGION_LENGTH__ = DEFINED (__SIGNATURE_REGION_LENGTH__)?__SIGNATURE_REGION_LENGTH__:0x400
                0x0000000000000400                __USER_SIGNATURE_REGION_LENGTH__ = DEFINED (__USER_SIGNATURE_REGION_LENGTH__)?__USER_SIGNATURE_REGION_LENGTH__:0x400
                0x0000000000008000                __RODATA_PM_OFFSET__ = DEFINED (__RODATA_PM_OFFSET__)?__RODATA_PM_OFFSET__:0x8000

.hash
 *(.hash)

.dynsym
 *(.dynsym)

.dynstr
 *(.dynstr)

.gnu.version
 *(.gnu.version)

.gnu.version_d
 *(.gnu.version_d)

.gnu.version_r
 *(.gnu.version_r)

.rel.init
 *(.rel.init)

.rela.init
 *(.rela.init)

.rel.text
 *(.rel.text)
 *(.rel.text.*)
 *(.rel.gnu.linkonce.t*)

.rela.text
 *(.rela.text)
 *(.rela.text.*)
 *(.rela.gnu.linkonce.t*)

.rel.fini
 *(.rel.fini)

.rela.fini
 *(.rela.fini)

.rel.rodata
 *(.rel.rodata)
 *(.rel.rodata.*)
 *(.rel.gnu.linkonce.r*)

.rela.rodata
 *(.rela.rodata)
 *(.rela.rodata.*)
 *(.rela.gnu.linkonce.r*)

.rel.data
 *(.rel.data)
 *(.rel.data.*)
 *(.rel.gnu.linkonce.d*)

.rela.data
 *(.rela.data)
 *(.rela.data.*)
 *(.rela.gnu.linkonce.d*)

.rel.ctors
 *(.rel.ctors)

.rela.ctors
 *(.rela.ctors)

.rel.dtors
 *(.rel.dtors)

.rela.dtors
 *(.rela.dtors)

.rel.got
 *(.rel.got)

.rela.got
 *(.rela.got)

.rel.bss
 *(.rel.bss)

.rela.bss
 *(.rela.bss)

.rel.plt
 *(.rel.plt)

.rela.plt
 *(.rela.plt)

.text           0x0000000000000000       0xd8
 *(.vectors)
 .vectors       0x0000000000000000       0x78 C:/Users/rtavi/.mchp_packs/Microchip/ATtiny_DFP/2.6.122/xc8/avr/lib/avrxmega3/crtattiny1627.o
                0x0000000000000000                __vector_default
                0x0000000000000000                __vectors
 *(.vectors)
 *(.progmem.gcc*)
 *(.dinit)
 .dinit         0x0000000000000078        0xc data_init
                0x0000000000000084                . = ALIGN (0x2)
 *fill*         0x0000000000000084        0x0 
                0x0000000000000084                __trampolines_start = .
 *(.trampolines)
 .trampolines   0x0000000000000084        0x0 linker stubs
 *(.trampolines*)
                0x0000000000000084                __trampolines_end = .
 *libprintf_flt.a:*(.progmem.data)
 *libc.a:*(.progmem.data)
                0x0000000000000084                . = ALIGN (0x2)
 *(.jumptables)
 *(.jumptables*)
 *(.lowtext)
 *(.lowtext*)
                0x0000000000000084                __ctors_start = .
 *(.ctors)
                0x0000000000000084                __ctors_end = .
                0x0000000000000084                __dtors_start = .
 *(.dtors)
                0x0000000000000084                __dtors_end = .
 SORT(*)(.ctors)
 SORT(*)(.dtors)
 *(.init0)
 .init0         0x0000000000000084        0x0 C:/Users/rtavi/.mchp_packs/Microchip/ATtiny_DFP/2.6.122/xc8/avr/lib/avrxmega3/crtattiny1627.o
                0x0000000000000084                __init
 *(.init0)
 *(.init1)
 *(.init1)
 *(.init2)
 .init2         0x0000000000000084        0xc C:/Users/rtavi/.mchp_packs/Microchip/ATtiny_DFP/2.6.122/xc8/avr/lib/avrxmega3/crtattiny1627.o
 *(.init2)
 *(.init3)
 *(.init3)
 *(.init4)
 .init4         0x0000000000000090       0x3c c:/program files/microchip/xc8/v2.32/avr/bin/../lib/gcc/avr/5.4.0/avrxmega3\libgcc.a(_copy_data.o)
                0x0000000000000090                __do_copy_data
                0x00000000000000be                __do_clear_bss
 *(.init4)
 *(.init5)
 *(.init5)
 *(.init6)
 *(.init6)
 *(.init7)
 *(.init7)
 *(.init8)
 *(.init8)
 *(.init9)
 .init9         0x00000000000000cc        0x8 C:/Users/rtavi/.mchp_packs/Microchip/ATtiny_DFP/2.6.122/xc8/avr/lib/avrxmega3/crtattiny1627.o
 *(.init9)
                0x00000000000000d4                . = ALIGN (0x2)
 *(.fini9)
 .fini9         0x00000000000000d4        0x0 c:/program files/microchip/xc8/v2.32/avr/bin/../lib/gcc/avr/5.4.0/avrxmega3\libgcc.a(_exit.o)
                0x00000000000000d4                _exit
                0x00000000000000d4                exit
 *(.fini9)
 *(.fini8)
 *(.fini8)
 *(.fini7)
 *(.fini7)
 *(.fini6)
 *(.fini6)
 *(.fini5)
 *(.fini5)
 *(.fini4)
 *(.fini4)
 *(.fini3)
 *(.fini3)
 *(.fini2)
 *(.fini2)
 *(.fini1)
 *(.fini1)
 *(.fini0)
 .fini0         0x00000000000000d4        0x4 c:/program files/microchip/xc8/v2.32/avr/bin/../lib/gcc/avr/5.4.0/avrxmega3\libgcc.a(_exit.o)
 *(.fini0)
                0x00000000000000d8                _etext = .

.data           0x0000000000803800        0x0 load address 0x00000000000000d8
                [!provide]                        PROVIDE (__data_start, .)
 *(.gnu.linkonce.d*)
                0x0000000000803800                . = ALIGN (0x2)
                0x0000000000803800                _edata = .
                [!provide]                        PROVIDE (__data_end, .)

.bss            0x0000000000803800       0x23
                [!provide]                        PROVIDE (__bss_start, .)
 *(COMMON)
 COMMON         0x0000000000803800       0x1c build/default/production/mcc_generated_files/src/twi0_slave.o
                0x0000000000803800                I2C0_BusErrorInterruptHandler
                0x0000000000803802                Tt3
                0x0000000000803806                I2C0_CollisionInterruptHandler
                0x0000000000803808                I2C0_AddressInterruptHandler
                0x000000000080380a                I2C0_ReadInterruptHandler
                0x000000000080380c                Tt4
                0x0000000000803810                Tt1
                0x0000000000803814                I2C0_StopInterruptHandler
                0x0000000000803816                I2C0_WriteInterruptHandler
                0x0000000000803818                Tt5
 COMMON         0x000000000080381c        0x4 build/default/production/ADC_toVoltage_Temperature.o
                0x000000000080381c                Vref
 COMMON         0x0000000000803820        0x3 build/default/production/i2c_Temperature.o
                0x0000000000803820                reg
                0x0000000000803821                temp
                [!provide]                        PROVIDE (__bss_end, .)
                0x00000000000000d8                __data_load_start = LOADADDR (.data)
                0x00000000000000d8                __data_load_end = (__data_load_start + SIZEOF (.data))

.noinit         0x0000000000803823        0x0
                [!provide]                        PROVIDE (__noinit_start, .)
 *(.noinit*)
                [!provide]                        PROVIDE (__noinit_end, .)
                0x0000000000803823                _end = .

.eeprom         0x0000000000810000        0x0
 *(.eeprom*)
                0x0000000000810000                __eeprom_end = .

.fuse           0x0000000000820000        0x9
 *(.fuse)
 .fuse          0x0000000000820000        0x9 build/default/production/mcc_generated_files/device_config.o
                0x0000000000820000                __fuse
 *(.lfuse)
 *(.hfuse)
 *(.efuse)

.lock
 *(.lock*)

.signature
 *(.signature*)

.user_signatures
 *(.user_signatures*)

.stab
 *(.stab)

.stabstr
 *(.stabstr)

.stab.excl
 *(.stab.excl)

.stab.exclstr
 *(.stab.exclstr)

.stab.index
 *(.stab.index)

.stab.indexstr
 *(.stab.indexstr)

.comment        0x0000000000000000       0x2f
 *(.comment)
 .comment       0x0000000000000000       0x2f build/default/production/mcc_generated_files/src/vref.o
                                         0x30 (size before relaxing)
 .comment       0x000000000000002f       0x30 build/default/production/mcc_generated_files/src/adc0.o
 .comment       0x000000000000002f       0x30 build/default/production/mcc_generated_files/src/pin_manager.o
 .comment       0x000000000000002f       0x30 build/default/production/mcc_generated_files/src/cpuint.o
 .comment       0x000000000000002f       0x30 build/default/production/mcc_generated_files/src/twi0_slave.o
 .comment       0x000000000000002f       0x30 build/default/production/mcc_generated_files/device_config.o
 .comment       0x000000000000002f       0x30 build/default/production/mcc_generated_files/mcc.o
 .comment       0x000000000000002f       0x30 build/default/production/main.o
 .comment       0x000000000000002f       0x30 build/default/production/ADC_toVoltage_Temperature.o
 .comment       0x000000000000002f       0x30 build/default/production/temperature.o
 .comment       0x000000000000002f       0x30 build/default/production/i2c_Temperature.o

.stack.descriptors.hdr
                0x0000000000000000       0xfc
 .stack.descriptors.hdr
                0x0000000000000000        0xe c:/program files/microchip/xc8/v2.32/avr/bin/../lib/gcc/avr/5.4.0/../../../../avr/lib/avrxmega3\libm.a(addsf3.o)
 .stack.descriptors.hdr
                0x000000000000000e        0xe c:/program files/microchip/xc8/v2.32/avr/bin/../lib/gcc/avr/5.4.0/../../../../avr/lib/avrxmega3\libm.a(addsf3x.o)
 .stack.descriptors.hdr
                0x000000000000001c        0xe c:/program files/microchip/xc8/v2.32/avr/bin/../lib/gcc/avr/5.4.0/../../../../avr/lib/avrxmega3\libm.a(cmpsf2.o)
 .stack.descriptors.hdr
                0x000000000000002a        0xe c:/program files/microchip/xc8/v2.32/avr/bin/../lib/gcc/avr/5.4.0/../../../../avr/lib/avrxmega3\libm.a(divsf3.o)
 .stack.descriptors.hdr
                0x0000000000000038        0xe c:/program files/microchip/xc8/v2.32/avr/bin/../lib/gcc/avr/5.4.0/../../../../avr/lib/avrxmega3\libm.a(divsf3x.o)
 .stack.descriptors.hdr
                0x0000000000000046        0xe c:/program files/microchip/xc8/v2.32/avr/bin/../lib/gcc/avr/5.4.0/../../../../avr/lib/avrxmega3\libm.a(floatsisf.o)
 .stack.descriptors.hdr
                0x0000000000000054        0xe c:/program files/microchip/xc8/v2.32/avr/bin/../lib/gcc/avr/5.4.0/../../../../avr/lib/avrxmega3\libm.a(fp_cmp.o)
 .stack.descriptors.hdr
                0x0000000000000062        0xe c:/program files/microchip/xc8/v2.32/avr/bin/../lib/gcc/avr/5.4.0/../../../../avr/lib/avrxmega3\libm.a(fp_inf.o)
 .stack.descriptors.hdr
                0x0000000000000070        0xe c:/program files/microchip/xc8/v2.32/avr/bin/../lib/gcc/avr/5.4.0/../../../../avr/lib/avrxmega3\libm.a(fp_nan.o)
 .stack.descriptors.hdr
                0x000000000000007e        0xe c:/program files/microchip/xc8/v2.32/avr/bin/../lib/gcc/avr/5.4.0/../../../../avr/lib/avrxmega3\libm.a(fp_pscA.o)
 .stack.descriptors.hdr
                0x000000000000008c        0xe c:/program files/microchip/xc8/v2.32/avr/bin/../lib/gcc/avr/5.4.0/../../../../avr/lib/avrxmega3\libm.a(fp_pscB.o)
 .stack.descriptors.hdr
                0x000000000000009a        0xe c:/program files/microchip/xc8/v2.32/avr/bin/../lib/gcc/avr/5.4.0/../../../../avr/lib/avrxmega3\libm.a(fp_round.o)
 .stack.descriptors.hdr
                0x00000000000000a8        0xe c:/program files/microchip/xc8/v2.32/avr/bin/../lib/gcc/avr/5.4.0/../../../../avr/lib/avrxmega3\libm.a(fp_split3.o)
 .stack.descriptors.hdr
                0x00000000000000b6        0xe c:/program files/microchip/xc8/v2.32/avr/bin/../lib/gcc/avr/5.4.0/../../../../avr/lib/avrxmega3\libm.a(fp_zero.o)
 .stack.descriptors.hdr
                0x00000000000000c4        0xe c:/program files/microchip/xc8/v2.32/avr/bin/../lib/gcc/avr/5.4.0/../../../../avr/lib/avrxmega3\libm.a(gesf2.o)
 .stack.descriptors.hdr
                0x00000000000000d2        0xe c:/program files/microchip/xc8/v2.32/avr/bin/../lib/gcc/avr/5.4.0/../../../../avr/lib/avrxmega3\libm.a(mulsf3.o)
 .stack.descriptors.hdr
                0x00000000000000e0        0xe c:/program files/microchip/xc8/v2.32/avr/bin/../lib/gcc/avr/5.4.0/../../../../avr/lib/avrxmega3\libm.a(mulsf3x.o)
 .stack.descriptors.hdr
                0x00000000000000ee        0xe c:/program files/microchip/xc8/v2.32/avr/bin/../lib/gcc/avr/5.4.0/avrxmega3\libgcc.a(_exit.o)

.note.gnu.build-id
 *(.note.gnu.build-id)

.debug
 *(.debug)

.line
 *(.line)

.debug_srcinfo
 *(.debug_srcinfo)

.debug_sfnames
 *(.debug_sfnames)

.debug_aranges  0x0000000000000000      0x440
 *(.debug_aranges)
 .debug_aranges
                0x0000000000000000       0x20 build/default/production/mcc_generated_files/src/vref.o
 .debug_aranges
                0x0000000000000020       0x20 build/default/production/mcc_generated_files/src/protected_io.o
 .debug_aranges
                0x0000000000000040       0xe0 build/default/production/mcc_generated_files/src/adc0.o
 .debug_aranges
                0x0000000000000120       0xa8 build/default/production/mcc_generated_files/src/pin_manager.o
 .debug_aranges
                0x00000000000001c8       0x20 build/default/production/mcc_generated_files/src/cpuint.o
 .debug_aranges
                0x00000000000001e8      0x140 build/default/production/mcc_generated_files/src/twi0_slave.o
 .debug_aranges
                0x0000000000000328       0x18 build/default/production/mcc_generated_files/device_config.o
 .debug_aranges
                0x0000000000000340       0x48 build/default/production/mcc_generated_files/mcc.o
 .debug_aranges
                0x0000000000000388       0x20 build/default/production/main.o
 .debug_aranges
                0x00000000000003a8       0x30 build/default/production/ADC_toVoltage_Temperature.o
 .debug_aranges
                0x00000000000003d8       0x30 build/default/production/temperature.o
 .debug_aranges
                0x0000000000000408       0x38 build/default/production/i2c_Temperature.o

.debug_pubnames
 *(.debug_pubnames)

.debug_info     0x0000000000000000     0x6d73
 *(.debug_info .gnu.linkonce.wi.*)
 .debug_info    0x0000000000000000     0x189f C:/Users/rtavi/.mchp_packs/Microchip/ATtiny_DFP/2.6.122/xc8/avr/lib/avrxmega3/crtattiny1627.o
 .debug_info    0x000000000000189f      0x2fe build/default/production/mcc_generated_files/src/vref.o
 .debug_info    0x0000000000001b9d       0x79 build/default/production/mcc_generated_files/src/protected_io.o
 .debug_info    0x0000000000001c16     0x1240 build/default/production/mcc_generated_files/src/adc0.o
 .debug_info    0x0000000000002e56      0xacb build/default/production/mcc_generated_files/src/pin_manager.o
 .debug_info    0x0000000000003921      0x3b9 build/default/production/mcc_generated_files/src/cpuint.o
 .debug_info    0x0000000000003cda      0xe35 build/default/production/mcc_generated_files/src/twi0_slave.o
 .debug_info    0x0000000000004b0f      0x7f2 build/default/production/mcc_generated_files/device_config.o
 .debug_info    0x0000000000005301      0x949 build/default/production/mcc_generated_files/mcc.o
 .debug_info    0x0000000000005c4a      0x444 build/default/production/main.o
 .debug_info    0x000000000000608e      0x36d build/default/production/ADC_toVoltage_Temperature.o
 .debug_info    0x00000000000063fb      0x5fe build/default/production/temperature.o
 .debug_info    0x00000000000069f9      0x37a build/default/production/i2c_Temperature.o

.debug_abbrev   0x0000000000000000     0x2506
 *(.debug_abbrev)
 .debug_abbrev  0x0000000000000000     0x1750 C:/Users/rtavi/.mchp_packs/Microchip/ATtiny_DFP/2.6.122/xc8/avr/lib/avrxmega3/crtattiny1627.o
 .debug_abbrev  0x0000000000001750       0x8c build/default/production/mcc_generated_files/src/vref.o
 .debug_abbrev  0x00000000000017dc       0x14 build/default/production/mcc_generated_files/src/protected_io.o
 .debug_abbrev  0x00000000000017f0      0x257 build/default/production/mcc_generated_files/src/adc0.o
 .debug_abbrev  0x0000000000001a47      0x160 build/default/production/mcc_generated_files/src/pin_manager.o
 .debug_abbrev  0x0000000000001ba7       0xfa build/default/production/mcc_generated_files/src/cpuint.o
 .debug_abbrev  0x0000000000001ca1      0x292 build/default/production/mcc_generated_files/src/twi0_slave.o
 .debug_abbrev  0x0000000000001f33       0x97 build/default/production/mcc_generated_files/device_config.o
 .debug_abbrev  0x0000000000001fca      0x192 build/default/production/mcc_generated_files/mcc.o
 .debug_abbrev  0x000000000000215c      0x131 build/default/production/main.o
 .debug_abbrev  0x000000000000228d       0xd2 build/default/production/ADC_toVoltage_Temperature.o
 .debug_abbrev  0x000000000000235f       0xfb build/default/production/temperature.o
 .debug_abbrev  0x000000000000245a       0xac build/default/production/i2c_Temperature.o

.debug_line     0x0000000000000000     0x1ae5
 *(.debug_line .debug_line.* .debug_line_end)
 .debug_line    0x0000000000000000      0x14b C:/Users/rtavi/.mchp_packs/Microchip/ATtiny_DFP/2.6.122/xc8/avr/lib/avrxmega3/crtattiny1627.o
 .debug_line    0x000000000000014b       0xf9 build/default/production/mcc_generated_files/src/vref.o
 .debug_line    0x0000000000000244       0x66 build/default/production/mcc_generated_files/src/protected_io.o
 .debug_line    0x00000000000002aa      0x428 build/default/production/mcc_generated_files/src/adc0.o
 .debug_line    0x00000000000006d2      0x33b build/default/production/mcc_generated_files/src/pin_manager.o
 .debug_line    0x0000000000000a0d      0x177 build/default/production/mcc_generated_files/src/cpuint.o
 .debug_line    0x0000000000000b84      0x621 build/default/production/mcc_generated_files/src/twi0_slave.o
 .debug_line    0x00000000000011a5       0xdc build/default/production/mcc_generated_files/device_config.o
 .debug_line    0x0000000000001281      0x2b2 build/default/production/mcc_generated_files/mcc.o
 .debug_line    0x0000000000001533      0x18a build/default/production/main.o
 .debug_line    0x00000000000016bd      0x10a build/default/production/ADC_toVoltage_Temperature.o
 .debug_line    0x00000000000017c7      0x1d5 build/default/production/temperature.o
 .debug_line    0x000000000000199c      0x149 build/default/production/i2c_Temperature.o

.debug_frame    0x0000000000000000      0x7f0
 *(.debug_frame)
 .debug_frame   0x0000000000000000       0x24 build/default/production/mcc_generated_files/src/vref.o
 .debug_frame   0x0000000000000024      0x1e0 build/default/production/mcc_generated_files/src/adc0.o
 .debug_frame   0x0000000000000204      0x140 build/default/production/mcc_generated_files/src/pin_manager.o
 .debug_frame   0x0000000000000344       0x24 build/default/production/mcc_generated_files/src/cpuint.o
 .debug_frame   0x0000000000000368      0x2ac build/default/production/mcc_generated_files/src/twi0_slave.o
 .debug_frame   0x0000000000000614       0x84 build/default/production/mcc_generated_files/mcc.o
 .debug_frame   0x0000000000000698       0x24 build/default/production/main.o
 .debug_frame   0x00000000000006bc       0x74 build/default/production/ADC_toVoltage_Temperature.o
 .debug_frame   0x0000000000000730       0x6c build/default/production/temperature.o
 .debug_frame   0x000000000000079c       0x54 build/default/production/i2c_Temperature.o

.debug_str      0x0000000000000000      0xc18
 *(.debug_str)
 .debug_str     0x0000000000000000      0xad0 C:/Users/rtavi/.mchp_packs/Microchip/ATtiny_DFP/2.6.122/xc8/avr/lib/avrxmega3/crtattiny1627.o
 .debug_str     0x0000000000000ad0        0x0 build/default/production/mcc_generated_files/src/vref.o
 .debug_str     0x0000000000000ad0       0x11 build/default/production/mcc_generated_files/src/adc0.o
 .debug_str     0x0000000000000ae1       0x1c build/default/production/mcc_generated_files/src/pin_manager.o
 .debug_str     0x0000000000000afd       0x13 build/default/production/mcc_generated_files/src/cpuint.o
 .debug_str     0x0000000000000b10        0x8 build/default/production/mcc_generated_files/src/twi0_slave.o
 .debug_str     0x0000000000000b18        0x0 build/default/production/mcc_generated_files/device_config.o
 .debug_str     0x0000000000000b18       0x82 build/default/production/mcc_generated_files/mcc.o
 .debug_str     0x0000000000000b9a       0x29 build/default/production/main.o
 .debug_str     0x0000000000000bc3       0x17 build/default/production/ADC_toVoltage_Temperature.o
 .debug_str     0x0000000000000bda       0x29 build/default/production/temperature.o
 .debug_str     0x0000000000000c03       0x15 build/default/production/i2c_Temperature.o

.debug_loc      0x0000000000000000      0x649
 *(.debug_loc)
 .debug_loc     0x0000000000000000      0x17c build/default/production/mcc_generated_files/src/adc0.o
 .debug_loc     0x000000000000017c       0x36 build/default/production/mcc_generated_files/src/pin_manager.o
 .debug_loc     0x00000000000001b2       0x2a build/default/production/mcc_generated_files/src/cpuint.o
 .debug_loc     0x00000000000001dc       0x8a build/default/production/mcc_generated_files/src/twi0_slave.o
 .debug_loc     0x0000000000000266      0x148 build/default/production/mcc_generated_files/mcc.o
 .debug_loc     0x00000000000003ae       0x48 build/default/production/main.o
 .debug_loc     0x00000000000003f6       0x8c build/default/production/ADC_toVoltage_Temperature.o
 .debug_loc     0x0000000000000482      0x1c7 build/default/production/temperature.o

.debug_macinfo
 *(.debug_macinfo)

.debug_weaknames
 *(.debug_weaknames)

.debug_funcnames
 *(.debug_funcnames)

.debug_typenames
 *(.debug_typenames)

.debug_varnames
 *(.debug_varnames)

.debug_pubtypes
 *(.debug_pubtypes)

.debug_ranges   0x0000000000000000      0x368
 *(.debug_ranges)
 .debug_ranges  0x0000000000000000       0x10 build/default/production/mcc_generated_files/src/vref.o
 .debug_ranges  0x0000000000000010       0xd0 build/default/production/mcc_generated_files/src/adc0.o
 .debug_ranges  0x00000000000000e0       0x98 build/default/production/mcc_generated_files/src/pin_manager.o
 .debug_ranges  0x0000000000000178       0x10 build/default/production/mcc_generated_files/src/cpuint.o
 .debug_ranges  0x0000000000000188      0x130 build/default/production/mcc_generated_files/src/twi0_slave.o
 .debug_ranges  0x00000000000002b8       0x38 build/default/production/mcc_generated_files/mcc.o
 .debug_ranges  0x00000000000002f0       0x10 build/default/production/main.o
 .debug_ranges  0x0000000000000300       0x20 build/default/production/ADC_toVoltage_Temperature.o
 .debug_ranges  0x0000000000000320       0x20 build/default/production/temperature.o
 .debug_ranges  0x0000000000000340       0x28 build/default/production/i2c_Temperature.o

.debug_macro
 *(.debug_macro)
OUTPUT(dist/default/production/Temperature.X.production.elf elf32-avr)
LOAD linker stubs
LOAD data_init

.note.gnu.avr.deviceinfo
                0x0000000000000000       0x40
 .note.gnu.avr.deviceinfo
                0x0000000000000000       0x40 C:/Users/rtavi/.mchp_packs/Microchip/ATtiny_DFP/2.6.122/xc8/avr/lib/avrxmega3/crtattiny1627.o

.bss.y          0x0000000000803823        0x2
 .bss.y         0x0000000000803823        0x2 build/default/production/i2c_Temperature.o
                0x0000000000803823                y

.text.avrlibc.fplib
                0x00000000000000d8       0xde
 .text.avrlibc.fplib
                0x00000000000000d8       0xde c:/program files/microchip/xc8/v2.32/avr/bin/../lib/gcc/avr/5.4.0/../../../../avr/lib/avrxmega3\libm.a(divsf3x.o)
                0x00000000000000d8                __divsf3x
                0x0000000000000100                __divsf3_pse

.text.main      0x00000000000001b6       0xda
 .text.main     0x00000000000001b6       0xda build/default/production/main.o
                0x00000000000001b6                main

.text.avrlibc.fplib
                0x0000000000000290       0xd4
 .text.avrlibc.fplib
                0x0000000000000290       0xd4 c:/program files/microchip/xc8/v2.32/avr/bin/../lib/gcc/avr/5.4.0/../../../../avr/lib/avrxmega3\libm.a(mulsf3x.o)
                0x0000000000000290                __mulsf3x
                0x00000000000002b6                __mulsf3_pse

.text.avrlibc.fplib
                0x0000000000000364       0xce
 .text.avrlibc.fplib
                0x0000000000000364       0xce c:/program files/microchip/xc8/v2.32/avr/bin/../lib/gcc/avr/5.4.0/../../../../avr/lib/avrxmega3\libm.a(addsf3x.o)
                0x0000000000000364                __addsf3x

.text.__vector_14
                0x0000000000000432       0xa8
 .text.__vector_14
                0x0000000000000432       0xa8 build/default/production/mcc_generated_files/src/twi0_slave.o
                0x0000000000000432                __vector_14

.text.compute_RTD
                0x00000000000004da       0x9e
 .text.compute_RTD
                0x00000000000004da       0x9e build/default/production/temperature.o
                0x00000000000004da                compute_RTD

.text.ADC_DifftoVoltage
                0x0000000000000578       0x96
 .text.ADC_DifftoVoltage
                0x0000000000000578       0x96 build/default/production/ADC_toVoltage_Temperature.o
                0x0000000000000578                ADC_DifftoVoltage

.text.PIN_MANAGER_Initialize
                0x000000000000060e       0x8a
 .text.PIN_MANAGER_Initialize
                0x000000000000060e       0x8a build/default/production/mcc_generated_files/src/pin_manager.o
                0x000000000000060e                PIN_MANAGER_Initialize

.text.compute_Thermocouple
                0x0000000000000698       0x7a
 .text.compute_Thermocouple
                0x0000000000000698       0x7a build/default/production/temperature.o
                0x0000000000000698                compute_Thermocouple

.text.avrlibc.fplib
                0x0000000000000712       0x7a
 .text.avrlibc.fplib
                0x0000000000000712       0x7a c:/program files/microchip/xc8/v2.32/avr/bin/../lib/gcc/avr/5.4.0/../../../../avr/lib/avrxmega3\libm.a(floatsisf.o)
                0x0000000000000712                __floatunsisf
                0x0000000000000716                __floatsisf

.text.measure_Tt
                0x000000000000078c       0x6a
 .text.measure_Tt
                0x000000000000078c       0x6a build/default/production/temperature.o
                0x000000000000078c                measure_Tt

.text.I2C0_Initialize
                0x00000000000007f6       0x5a
 .text.I2C0_Initialize
                0x00000000000007f6       0x5a build/default/production/mcc_generated_files/src/twi0_slave.o
                0x00000000000007f6                I2C0_Initialize

.text.write_float
                0x0000000000000850       0x52
 .text.write_float
                0x0000000000000850       0x52 build/default/production/i2c_Temperature.o
                0x0000000000000850                write_float

.text.send_data
                0x00000000000008a2       0x4e
 .text.send_data
                0x00000000000008a2       0x4e build/default/production/i2c_Temperature.o
                0x00000000000008a2                send_data

.text.CLKCTRL_Initialize
                0x00000000000008f0       0x4c
 .text.CLKCTRL_Initialize
                0x00000000000008f0       0x4c build/default/production/mcc_generated_files/mcc.o
                0x00000000000008f0                CLKCTRL_Initialize

.text.avrlibc.fplib
                0x000000000000093c       0x48
 .text.avrlibc.fplib
                0x000000000000093c       0x48 c:/program files/microchip/xc8/v2.32/avr/bin/../lib/gcc/avr/5.4.0/../../../../avr/lib/avrxmega3\libm.a(fp_cmp.o)
                0x000000000000093c                __fp_cmp

.text.avrlibc.fplib
                0x0000000000000984       0x44
 .text.avrlibc.fplib
                0x0000000000000984       0x44 c:/program files/microchip/xc8/v2.32/avr/bin/../lib/gcc/avr/5.4.0/../../../../avr/lib/avrxmega3\libm.a(fp_split3.o)
                0x0000000000000984                __fp_split3
                0x0000000000000994                __fp_splitA

.text.ADC_SetVREF
                0x00000000000009c8       0x3c
 .text.ADC_SetVREF
                0x00000000000009c8       0x3c build/default/production/ADC_toVoltage_Temperature.o
                0x00000000000009c8                ADC_SetVREF

.text.ADC0_Initialize
                0x0000000000000a04       0x3a
 .text.ADC0_Initialize
                0x0000000000000a04       0x3a build/default/production/mcc_generated_files/src/adc0.o
                0x0000000000000a04                ADC0_Initialize

.text.ADC0_GetDiffConversion
                0x0000000000000a3e       0x3a
 .text.ADC0_GetDiffConversion
                0x0000000000000a3e       0x3a build/default/production/mcc_generated_files/src/adc0.o
                0x0000000000000a3e                ADC0_GetDiffConversion

.text.PORT_Initialize
                0x0000000000000a78       0x38
 .text.PORT_Initialize
                0x0000000000000a78       0x38 build/default/production/mcc_generated_files/src/pin_manager.o
                0x0000000000000a78                PORT_Initialize

.text.__vector_21
                0x0000000000000ab0       0x30
 .text.__vector_21
                0x0000000000000ab0       0x30 build/default/production/mcc_generated_files/src/adc0.o
                0x0000000000000ab0                __vector_21

.text.SYSTEM_Initialize
                0x0000000000000ae0       0x22
 .text.SYSTEM_Initialize
                0x0000000000000ae0       0x22 build/default/production/mcc_generated_files/mcc.o
                0x0000000000000ae0                SYSTEM_Initialize

.text.avrlibc.fplib
                0x0000000000000b02       0x22
 .text.avrlibc.fplib
                0x0000000000000b02       0x22 c:/program files/microchip/xc8/v2.32/avr/bin/../lib/gcc/avr/5.4.0/../../../../avr/lib/avrxmega3\libm.a(fp_round.o)
                0x0000000000000b02                __fp_round

.text.__vector_23
                0x0000000000000b24       0x1e
 .text.__vector_23
                0x0000000000000b24       0x1e build/default/production/mcc_generated_files/src/adc0.o
                0x0000000000000b24                __vector_23

.text.__vector_22
                0x0000000000000b42       0x1e
 .text.__vector_22
                0x0000000000000b42       0x1e build/default/production/mcc_generated_files/src/adc0.o
                0x0000000000000b42                __vector_22

.text.__vector_2
                0x0000000000000b60       0x1e
 .text.__vector_2
                0x0000000000000b60       0x1e build/default/production/mcc_generated_files/mcc.o
                0x0000000000000b60                __vector_2

.text.CPUINT_Initialize
                0x0000000000000b7e       0x1a
 .text.CPUINT_Initialize
                0x0000000000000b7e       0x1a build/default/production/mcc_generated_files/src/cpuint.o
                0x0000000000000b7e                CPUINT_Initialize

.text.I2C0_SlaveIsStopInterrupt
                0x0000000000000b98       0x18
 .text.I2C0_SlaveIsStopInterrupt
                0x0000000000000b98       0x18 build/default/production/mcc_generated_files/src/twi0_slave.o
                0x0000000000000b98                I2C0_SlaveIsStopInterrupt

.text.BOD_Initialize
                0x0000000000000bb0       0x18
 .text.BOD_Initialize
                0x0000000000000bb0       0x18 build/default/production/mcc_generated_files/mcc.o
                0x0000000000000bb0                BOD_Initialize

.text.I2C0_SlaveIsAddressInterrupt
                0x0000000000000bc8       0x16
 .text.I2C0_SlaveIsAddressInterrupt
                0x0000000000000bc8       0x16 build/default/production/mcc_generated_files/src/twi0_slave.o
                0x0000000000000bc8                I2C0_SlaveIsAddressInterrupt

.text.I2C0_SlaveIsTxComplete
                0x0000000000000bde       0x14
 .text.I2C0_SlaveIsTxComplete
                0x0000000000000bde       0x14 build/default/production/mcc_generated_files/src/twi0_slave.o
                0x0000000000000bde                I2C0_SlaveIsTxComplete

.text.I2C0_SlaveReset
                0x0000000000000bf2       0x12
 .text.I2C0_SlaveReset
                0x0000000000000bf2       0x12 build/default/production/mcc_generated_files/src/twi0_slave.o
                0x0000000000000bf2                I2C0_SlaveReset

.text.ADC0_StartDiffConversion
                0x0000000000000c04       0x10
 .text.ADC0_StartDiffConversion
                0x0000000000000c04       0x10 build/default/production/mcc_generated_files/src/adc0.o
                0x0000000000000c04                ADC0_StartDiffConversion

.text.I2C0_ReadCallback
                0x0000000000000c14       0x10
 .text.I2C0_ReadCallback
                0x0000000000000c14       0x10 build/default/production/mcc_generated_files/src/twi0_slave.o
                0x0000000000000c14                I2C0_ReadCallback

.text.I2C0_WriteCallback
                0x0000000000000c24       0x10
 .text.I2C0_WriteCallback
                0x0000000000000c24       0x10 build/default/production/mcc_generated_files/src/twi0_slave.o
                0x0000000000000c24                I2C0_WriteCallback

.text.I2C0_AddressCallback
                0x0000000000000c34       0x10
 .text.I2C0_AddressCallback
                0x0000000000000c34       0x10 build/default/production/mcc_generated_files/src/twi0_slave.o
                0x0000000000000c34                I2C0_AddressCallback

.text.I2C0_StopCallback
                0x0000000000000c44       0x10
 .text.I2C0_StopCallback
                0x0000000000000c44       0x10 build/default/production/mcc_generated_files/src/twi0_slave.o
                0x0000000000000c44                I2C0_StopCallback

.text.I2C0_SlaveWrite
                0x0000000000000c54       0x10
 .text.I2C0_SlaveWrite
                0x0000000000000c54       0x10 build/default/production/mcc_generated_files/src/twi0_slave.o
                0x0000000000000c54                I2C0_SlaveWrite

.text.SLPCTRL_Initialize
                0x0000000000000c64       0x10
 .text.SLPCTRL_Initialize
                0x0000000000000c64       0x10 build/default/production/mcc_generated_files/mcc.o
                0x0000000000000c64                SLPCTRL_Initialize

.text.clear     0x0000000000000c74        0xe
 .text.clear    0x0000000000000c74        0xe build/default/production/i2c_Temperature.o
                0x0000000000000c74                clear

.text.avrlibc.fplib
                0x0000000000000c82        0xe
 .text.avrlibc.fplib
                0x0000000000000c82        0xe c:/program files/microchip/xc8/v2.32/avr/bin/../lib/gcc/avr/5.4.0/../../../../avr/lib/avrxmega3\libm.a(addsf3.o)
                0x0000000000000c82                __subsf3
                0x0000000000000c84                __addsf3

.text.avrlibc.fplib
                0x0000000000000c90        0xe
 .text.avrlibc.fplib
                0x0000000000000c90        0xe c:/program files/microchip/xc8/v2.32/avr/bin/../lib/gcc/avr/5.4.0/../../../../avr/lib/avrxmega3\libm.a(fp_pscA.o)
                0x0000000000000c90                __fp_pscA

.text.avrlibc.fplib
                0x0000000000000c9e        0xe
 .text.avrlibc.fplib
                0x0000000000000c9e        0xe c:/program files/microchip/xc8/v2.32/avr/bin/../lib/gcc/avr/5.4.0/../../../../avr/lib/avrxmega3\libm.a(fp_pscB.o)
                0x0000000000000c9e                __fp_pscB

.text.avrlibc.fplib
                0x0000000000000cac        0xe
 .text.avrlibc.fplib
                0x0000000000000cac        0xe c:/program files/microchip/xc8/v2.32/avr/bin/../lib/gcc/avr/5.4.0/../../../../avr/lib/avrxmega3\libm.a(fp_zero.o)
                0x0000000000000cac                __fp_zero
                0x0000000000000cae                __fp_szero

.text.VREF_Initialize
                0x0000000000000cba        0xc
 .text.VREF_Initialize
                0x0000000000000cba        0xc build/default/production/mcc_generated_files/src/vref.o
                0x0000000000000cba                VREF_Initialize

.text.I2C0_SlaveIsDataInterrupt
                0x0000000000000cc6        0xc
 .text.I2C0_SlaveIsDataInterrupt
                0x0000000000000cc6        0xc build/default/production/mcc_generated_files/src/twi0_slave.o
                0x0000000000000cc6                I2C0_SlaveIsDataInterrupt

.text.avrlibc.fplib
                0x0000000000000cd2        0xc
 .text.avrlibc.fplib
                0x0000000000000cd2        0xc c:/program files/microchip/xc8/v2.32/avr/bin/../lib/gcc/avr/5.4.0/../../../../avr/lib/avrxmega3\libm.a(fp_inf.o)
                0x0000000000000cd2                __fp_inf

.text.I2C0_SlaveDIR
                0x0000000000000cde        0xa
 .text.I2C0_SlaveDIR
                0x0000000000000cde        0xa build/default/production/mcc_generated_files/src/twi0_slave.o
                0x0000000000000cde                I2C0_SlaveDIR

.text.I2C0_SlaveIsNack
                0x0000000000000ce8        0xa
 .text.I2C0_SlaveIsNack
                0x0000000000000ce8        0xa build/default/production/mcc_generated_files/src/twi0_slave.o
                0x0000000000000ce8                I2C0_SlaveIsNack

.text.read_reg  0x0000000000000cf2        0xa
 .text.read_reg
                0x0000000000000cf2        0xa build/default/production/i2c_Temperature.o
                0x0000000000000cf2                read_reg

.text.avrlibc.fplib
                0x0000000000000cfc        0xa
 .text.avrlibc.fplib
                0x0000000000000cfc        0xa c:/program files/microchip/xc8/v2.32/avr/bin/../lib/gcc/avr/5.4.0/../../../../avr/lib/avrxmega3\libm.a(cmpsf2.o)
                0x0000000000000cfc                __nesf2
                0x0000000000000cfc                __eqsf2
                0x0000000000000cfc                __cmpsf2
                0x0000000000000cfc                __ltsf2
                0x0000000000000cfc                __lesf2

.text.avrlibc.fplib
                0x0000000000000d06        0xa
 .text.avrlibc.fplib
                0x0000000000000d06        0xa c:/program files/microchip/xc8/v2.32/avr/bin/../lib/gcc/avr/5.4.0/../../../../avr/lib/avrxmega3\libm.a(gesf2.o)
                0x0000000000000d06                __gesf2
                0x0000000000000d06                __gtsf2

.text.protected_write_io
                0x0000000000000d10        0x8
 .text.protected_write_io
                0x0000000000000d10        0x8 build/default/production/mcc_generated_files/src/protected_io.o
                0x0000000000000d10                protected_write_io

.text.ADC0_IsConversionDone
                0x0000000000000d18        0x8
 .text.ADC0_IsConversionDone
                0x0000000000000d18        0x8 build/default/production/mcc_generated_files/src/adc0.o
                0x0000000000000d18                ADC0_IsConversionDone

.text.avrlibc.fplib
                0x0000000000000d20        0x8
 .text.avrlibc.fplib
                0x0000000000000d20        0x8 c:/program files/microchip/xc8/v2.32/avr/bin/../lib/gcc/avr/5.4.0/../../../../avr/lib/avrxmega3\libm.a(divsf3.o)
                0x0000000000000d20                __divsf3

.text.avrlibc.fplib
                0x0000000000000d28        0x8
 .text.avrlibc.fplib
                0x0000000000000d28        0x8 c:/program files/microchip/xc8/v2.32/avr/bin/../lib/gcc/avr/5.4.0/../../../../avr/lib/avrxmega3\libm.a(mulsf3.o)
                0x0000000000000d28                __mulsf3

.text.I2C0_Read
                0x0000000000000d30        0x6
 .text.I2C0_Read
                0x0000000000000d30        0x6 build/default/production/mcc_generated_files/src/twi0_slave.o
                0x0000000000000d30                I2C0_Read

.text.I2C0_Write
                0x0000000000000d36        0x6
 .text.I2C0_Write
                0x0000000000000d36        0x6 build/default/production/mcc_generated_files/src/twi0_slave.o
                0x0000000000000d36                I2C0_Write

.text.I2C0_GotoUnaddressed
                0x0000000000000d3c        0x6
 .text.I2C0_GotoUnaddressed
                0x0000000000000d3c        0x6 build/default/production/mcc_generated_files/src/twi0_slave.o
                0x0000000000000d3c                I2C0_GotoUnaddressed

.text.avrlibc.fplib
                0x0000000000000d42        0x6
 .text.avrlibc.fplib
                0x0000000000000d42        0x6 c:/program files/microchip/xc8/v2.32/avr/bin/../lib/gcc/avr/5.4.0/../../../../avr/lib/avrxmega3\libm.a(fp_nan.o)
                0x0000000000000d42                __fp_nan

.text           0x0000000000000d48        0x4
 .text          0x0000000000000d48        0x4 C:/Users/rtavi/.mchp_packs/Microchip/ATtiny_DFP/2.6.122/xc8/avr/lib/avrxmega3/crtattiny1627.o
                0x0000000000000d48                __vector_28
                0x0000000000000d48                __vector_1
                0x0000000000000d48                __vector_24
                0x0000000000000d48                __vector_12
                0x0000000000000d48                __bad_interrupt
                0x0000000000000d48                __vector_6
                0x0000000000000d48                __vector_3
                0x0000000000000d48                __vector_25
                0x0000000000000d48                __vector_11
                0x0000000000000d48                __vector_13
                0x0000000000000d48                __vector_17
                0x0000000000000d48                __vector_19
                0x0000000000000d48                __vector_7
                0x0000000000000d48                __vector_27
                0x0000000000000d48                __vector_5
                0x0000000000000d48                __vector_4
                0x0000000000000d48                __vector_9
                0x0000000000000d48                __vector_15
                0x0000000000000d48                __vector_29
                0x0000000000000d48                __vector_8
                0x0000000000000d48                __vector_26
                0x0000000000000d48                __vector_10
                0x0000000000000d48                __vector_16
                0x0000000000000d48                __vector_18
                0x0000000000000d48                __vector_20

.data.channel   0x0000000000803825        0x1 load address 0x0000000000000d4c
 .data.channel  0x0000000000803825        0x1 build/default/production/temperature.o
                0x0000000000803825                channel
