Archive member included to satisfy reference by file (symbol)

c:/program files/microchip/xc8/v2.32/avr/bin/../lib/gcc/avr/5.4.0/../../../../avr/lib/avrxmega3\libm.a(addsf3.o)
                              build/default/debug/temperature.o (__subsf3)
c:/program files/microchip/xc8/v2.32/avr/bin/../lib/gcc/avr/5.4.0/../../../../avr/lib/avrxmega3\libm.a(addsf3x.o)
                              c:/program files/microchip/xc8/v2.32/avr/bin/../lib/gcc/avr/5.4.0/../../../../avr/lib/avrxmega3\libm.a(addsf3.o) (__addsf3x)
c:/program files/microchip/xc8/v2.32/avr/bin/../lib/gcc/avr/5.4.0/../../../../avr/lib/avrxmega3\libm.a(cmpsf2.o)
                              build/default/debug/ADC_toVoltage_Temperature.o (__eqsf2)
c:/program files/microchip/xc8/v2.32/avr/bin/../lib/gcc/avr/5.4.0/../../../../avr/lib/avrxmega3\libm.a(divsf3.o)
                              build/default/debug/ADC_toVoltage_Temperature.o (__divsf3)
c:/program files/microchip/xc8/v2.32/avr/bin/../lib/gcc/avr/5.4.0/../../../../avr/lib/avrxmega3\libm.a(divsf3x.o)
                              c:/program files/microchip/xc8/v2.32/avr/bin/../lib/gcc/avr/5.4.0/../../../../avr/lib/avrxmega3\libm.a(divsf3.o) (__divsf3x)
c:/program files/microchip/xc8/v2.32/avr/bin/../lib/gcc/avr/5.4.0/../../../../avr/lib/avrxmega3\libm.a(fixsfsi.o)
                              build/default/debug/main.o (__fixsfsi)
c:/program files/microchip/xc8/v2.32/avr/bin/../lib/gcc/avr/5.4.0/../../../../avr/lib/avrxmega3\libm.a(fixunssfsi.o)
                              c:/program files/microchip/xc8/v2.32/avr/bin/../lib/gcc/avr/5.4.0/../../../../avr/lib/avrxmega3\libm.a(fixsfsi.o) (__fixunssfsi)
c:/program files/microchip/xc8/v2.32/avr/bin/../lib/gcc/avr/5.4.0/../../../../avr/lib/avrxmega3\libm.a(floatsisf.o)
                              build/default/debug/ADC_toVoltage_Temperature.o (__floatunsisf)
c:/program files/microchip/xc8/v2.32/avr/bin/../lib/gcc/avr/5.4.0/../../../../avr/lib/avrxmega3\libm.a(fp_cmp.o)
                              c:/program files/microchip/xc8/v2.32/avr/bin/../lib/gcc/avr/5.4.0/../../../../avr/lib/avrxmega3\libm.a(cmpsf2.o) (__fp_cmp)
c:/program files/microchip/xc8/v2.32/avr/bin/../lib/gcc/avr/5.4.0/../../../../avr/lib/avrxmega3\libm.a(fp_inf.o)
                              c:/program files/microchip/xc8/v2.32/avr/bin/../lib/gcc/avr/5.4.0/../../../../avr/lib/avrxmega3\libm.a(addsf3x.o) (__fp_inf)
c:/program files/microchip/xc8/v2.32/avr/bin/../lib/gcc/avr/5.4.0/../../../../avr/lib/avrxmega3\libm.a(fp_nan.o)
                              c:/program files/microchip/xc8/v2.32/avr/bin/../lib/gcc/avr/5.4.0/../../../../avr/lib/avrxmega3\libm.a(addsf3x.o) (__fp_nan)
c:/program files/microchip/xc8/v2.32/avr/bin/../lib/gcc/avr/5.4.0/../../../../avr/lib/avrxmega3\libm.a(fp_pscA.o)
                              c:/program files/microchip/xc8/v2.32/avr/bin/../lib/gcc/avr/5.4.0/../../../../avr/lib/avrxmega3\libm.a(addsf3x.o) (__fp_pscA)
c:/program files/microchip/xc8/v2.32/avr/bin/../lib/gcc/avr/5.4.0/../../../../avr/lib/avrxmega3\libm.a(fp_pscB.o)
                              c:/program files/microchip/xc8/v2.32/avr/bin/../lib/gcc/avr/5.4.0/../../../../avr/lib/avrxmega3\libm.a(addsf3x.o) (__fp_pscB)
c:/program files/microchip/xc8/v2.32/avr/bin/../lib/gcc/avr/5.4.0/../../../../avr/lib/avrxmega3\libm.a(fp_round.o)
                              c:/program files/microchip/xc8/v2.32/avr/bin/../lib/gcc/avr/5.4.0/../../../../avr/lib/avrxmega3\libm.a(addsf3.o) (__fp_round)
c:/program files/microchip/xc8/v2.32/avr/bin/../lib/gcc/avr/5.4.0/../../../../avr/lib/avrxmega3\libm.a(fp_split3.o)
                              c:/program files/microchip/xc8/v2.32/avr/bin/../lib/gcc/avr/5.4.0/../../../../avr/lib/avrxmega3\libm.a(addsf3x.o) (__fp_split3)
c:/program files/microchip/xc8/v2.32/avr/bin/../lib/gcc/avr/5.4.0/../../../../avr/lib/avrxmega3\libm.a(fp_zero.o)
                              c:/program files/microchip/xc8/v2.32/avr/bin/../lib/gcc/avr/5.4.0/../../../../avr/lib/avrxmega3\libm.a(addsf3x.o) (__fp_zero)
c:/program files/microchip/xc8/v2.32/avr/bin/../lib/gcc/avr/5.4.0/../../../../avr/lib/avrxmega3\libm.a(gesf2.o)
                              build/default/debug/temperature.o (__gtsf2)
c:/program files/microchip/xc8/v2.32/avr/bin/../lib/gcc/avr/5.4.0/../../../../avr/lib/avrxmega3\libm.a(mulsf3.o)
                              build/default/debug/main.o (__mulsf3)
c:/program files/microchip/xc8/v2.32/avr/bin/../lib/gcc/avr/5.4.0/../../../../avr/lib/avrxmega3\libm.a(mulsf3x.o)
                              c:/program files/microchip/xc8/v2.32/avr/bin/../lib/gcc/avr/5.4.0/../../../../avr/lib/avrxmega3\libm.a(mulsf3.o) (__mulsf3x)
c:/program files/microchip/xc8/v2.32/avr/bin/../lib/gcc/avr/5.4.0/avrxmega3\libgcc.a(_exit.o)
                              C:/Users/rtavi/.mchp_packs/Microchip/ATtiny_DFP/2.6.122/xc8/avr/lib/avrxmega3/crtattiny1627.o (exit)
c:/program files/microchip/xc8/v2.32/avr/bin/../lib/gcc/avr/5.4.0/avrxmega3\libgcc.a(_copy_data.o)
[...]
Memory Configuration

Name             Origin             Length             Attributes
text             0x0000000000000000 0x0000000000004000 xr
data             0x0000000000803800 0x0000000000000800 rw !x
eeprom           0x0000000000810000 0x0000000000000100 rw !x
fuse             0x0000000000820000 0x000000000000000a rw !x
lock             0x0000000000830000 0x0000000000000400 rw !x
signature        0x0000000000840000 0x0000000000000400 rw !x
user_signatures  0x0000000000850000 0x0000000000000400 rw !x
*default*        0x0000000000000000 0xffffffffffffffff

Linker script and memory map

Address of section .data set to 0x803800
                0x0000000000008000                __RODATA_PM_OFFSET__ = 0x8000
LOAD C:/Users/rtavi/.mchp_packs/Microchip/ATtiny_DFP/2.6.122/xc8/avr/lib/avrxmega3/crtattiny1627.o
                0x0000000000000001                __MPLAB_BUILD = 0x1
LOAD build/default/debug/mcc_generated_files/src/vref.o
LOAD build/default/debug/mcc_generated_files/src/usart0.o
LOAD build/default/debug/mcc_generated_files/src/protected_io.o
LOAD build/default/debug/mcc_generated_files/src/adc0.o
LOAD build/default/debug/mcc_generated_files/src/pin_manager.o
LOAD build/default/debug/mcc_generated_files/src/cpuint.o
LOAD build/default/debug/mcc_generated_files/src/twi0_slave.o
LOAD build/default/debug/mcc_generated_files/device_config.o
LOAD build/default/debug/mcc_generated_files/mcc.o
LOAD build/default/debug/main.o
LOAD build/default/debug/ADC_toVoltage_Temperature.o
LOAD build/default/debug/temperature.o
LOAD build/default/debug/i2c_Temperature.o
START GROUP
LOAD c:/program files/microchip/xc8/v2.32/avr/bin/../lib/gcc/avr/5.4.0/../../../../avr/lib/avrxmega3\libm.a
END GROUP
                0x0000000000000001                __MPLAB_DEBUG = 0x1
                0x0000000000000001                __DEBUG = 0x1
START GROUP
LOAD c:/program files/microchip/xc8/v2.32/avr/bin/../lib/gcc/avr/5.4.0/avrxmega3\libgcc.a
LOAD c:/program files/microchip/xc8/v2.32/avr/bin/../lib/gcc/avr/5.4.0/../../../../avr/lib/avrxmega3\libm.a
LOAD c:/program files/microchip/xc8/v2.32/avr/bin/../lib/gcc/avr/5.4.0/../../../../avr/lib/avrxmega3\libc.a
LOAD C:/Users/rtavi/.mchp_packs/Microchip/ATtiny_DFP/2.6.122/xc8/avr/lib/avrxmega3\libattiny1627.a
END GROUP
                [0x0000000000000000]                __TEXT_REGION_ORIGIN__ = DEFINED (__TEXT_REGION_ORIGIN__)?__TEXT_REGION_ORIGIN__:0x0
                [0x0000000000803800]                __DATA_REGION_ORIGIN__ = DEFINED (__DATA_REGION_ORIGIN__)?__DATA_REGION_ORIGIN__:0x802000
                [0x0000000000004000]                __TEXT_REGION_LENGTH__ = DEFINED (__TEXT_REGION_LENGTH__)?__TEXT_REGION_LENGTH__:0x100000
                [0x0000000000000800]                __DATA_REGION_LENGTH__ = DEFINED (__DATA_REGION_LENGTH__)?__DATA_REGION_LENGTH__:0xffa0
                [0x0000000000000100]                __EEPROM_REGION_LENGTH__ = DEFINED (__EEPROM_REGION_LENGTH__)?__EEPROM_REGION_LENGTH__:0x10000
                [0x000000000000000a]                __FUSE_REGION_LENGTH__ = DEFINED (__FUSE_REGION_LENGTH__)?__FUSE_REGION_LENGTH__:0x400
                0x0000000000000400                __LOCK_REGION_LENGTH__ = DEFINED (__LOCK_REGION_LENGTH__)?__LOCK_REGION_LENGTH__:0x400
                0x0000000000000400                __SIGNATURE_REGION_LENGTH__ = DEFINED (__SIGNATURE_REGION_LENGTH__)?__SIGNATURE_REGION_LENGTH__:0x400
                0x0000000000000400                __USER_SIGNATURE_REGION_LENGTH__ = DEFINED (__USER_SIGNATURE_REGION_LENGTH__)?__USER_SIGNATURE_REGION_LENGTH__:0x400
                0x0000000000008000                __RODATA_PM_OFFSET__ = DEFINED (__RODATA_PM_OFFSET__)?__RODATA_PM_OFFSET__:0x8000

.hash
 *(.hash)

.dynsym
 *(.dynsym)

.dynstr
 *(.dynstr)

.gnu.version
 *(.gnu.version)

.gnu.version_d
 *(.gnu.version_d)

.gnu.version_r
 *(.gnu.version_r)

.rel.init
 *(.rel.init)

.rela.init
 *(.rela.init)

.rel.text
 *(.rel.text)
 *(.rel.text.*)
 *(.rel.gnu.linkonce.t*)

.rela.text
 *(.rela.text)
 *(.rela.text.*)
 *(.rela.gnu.linkonce.t*)

.rel.fini
 *(.rel.fini)

.rela.fini
 *(.rela.fini)

.rel.rodata
 *(.rel.rodata)
 *(.rel.rodata.*)
 *(.rel.gnu.linkonce.r*)

.rela.rodata
 *(.rela.rodata)
 *(.rela.rodata.*)
 *(.rela.gnu.linkonce.r*)

.rel.data
 *(.rel.data)
 *(.rel.data.*)
 *(.rel.gnu.linkonce.d*)

.rela.data
 *(.rela.data)
 *(.rela.data.*)
 *(.rela.gnu.linkonce.d*)

.rel.ctors
 *(.rel.ctors)

.rela.ctors
 *(.rela.ctors)

.rel.dtors
 *(.rel.dtors)

.rela.dtors
 *(.rela.dtors)

.rel.got
 *(.rel.got)

.rela.got
 *(.rela.got)

.rel.bss
 *(.rel.bss)

.rela.bss
 *(.rela.bss)

.rel.plt
 *(.rel.plt)

.rela.plt
 *(.rela.plt)

.text           0x0000000000000000       0xf0
 *(.vectors)
 .vectors       0x0000000000000000       0x78 C:/Users/rtavi/.mchp_packs/Microchip/ATtiny_DFP/2.6.122/xc8/avr/lib/avrxmega3/crtattiny1627.o
                0x0000000000000000                __vector_default
                0x0000000000000000                __vectors
 *(.vectors)
 *(.progmem.gcc*)
 *(.dinit)
 .dinit         0x0000000000000078       0x24 data_init
                0x000000000000009c                . = ALIGN (0x2)
 *fill*         0x000000000000009c        0x0 
                0x000000000000009c                __trampolines_start = .
 *(.trampolines)
 .trampolines   0x000000000000009c        0x0 linker stubs
 *(.trampolines*)
                0x000000000000009c                __trampolines_end = .
 *libprintf_flt.a:*(.progmem.data)
 *libc.a:*(.progmem.data)
                0x000000000000009c                . = ALIGN (0x2)
 *(.jumptables)
 *(.jumptables*)
 *(.lowtext)
 *(.lowtext*)
                0x000000000000009c                __ctors_start = .
 *(.ctors)
                0x000000000000009c                __ctors_end = .
                0x000000000000009c                __dtors_start = .
 *(.dtors)
                0x000000000000009c                __dtors_end = .
 SORT(*)(.ctors)
 SORT(*)(.dtors)
 *(.init0)
 .init0         0x000000000000009c        0x0 C:/Users/rtavi/.mchp_packs/Microchip/ATtiny_DFP/2.6.122/xc8/avr/lib/avrxmega3/crtattiny1627.o
                0x000000000000009c                __init
 *(.init0)
 *(.init1)
 *(.init1)
 *(.init2)
 .init2         0x000000000000009c        0xc C:/Users/rtavi/.mchp_packs/Microchip/ATtiny_DFP/2.6.122/xc8/avr/lib/avrxmega3/crtattiny1627.o
 *(.init2)
 *(.init3)
 *(.init3)
 *(.init4)
 .init4         0x00000000000000a8       0x3c c:/program files/microchip/xc8/v2.32/avr/bin/../lib/gcc/avr/5.4.0/avrxmega3\libgcc.a(_copy_data.o)
                0x00000000000000a8                __do_copy_data
                0x00000000000000d6                __do_clear_bss
 *(.init4)
 *(.init5)
 *(.init5)
 *(.init6)
 *(.init6)
 *(.init7)
 *(.init7)
 *(.init8)
 *(.init8)
 *(.init9)
 .init9         0x00000000000000e4        0x8 C:/Users/rtavi/.mchp_packs/Microchip/ATtiny_DFP/2.6.122/xc8/avr/lib/avrxmega3/crtattiny1627.o
 *(.init9)
                0x00000000000000ec                . = ALIGN (0x2)
 *(.fini9)
 .fini9         0x00000000000000ec        0x0 c:/program files/microchip/xc8/v2.32/avr/bin/../lib/gcc/avr/5.4.0/avrxmega3\libgcc.a(_exit.o)
                0x00000000000000ec                _exit
                0x00000000000000ec                exit
 *(.fini9)
 *(.fini8)
 *(.fini8)
 *(.fini7)
 *(.fini7)
 *(.fini6)
 *(.fini6)
 *(.fini5)
 *(.fini5)
 *(.fini4)
 *(.fini4)
 *(.fini3)
 *(.fini3)
 *(.fini2)
 *(.fini2)
 *(.fini1)
 *(.fini1)
 *(.fini0)
 .fini0         0x00000000000000ec        0x4 c:/program files/microchip/xc8/v2.32/avr/bin/../lib/gcc/avr/5.4.0/avrxmega3\libgcc.a(_exit.o)
 *(.fini0)
                0x00000000000000f0                _etext = .

.data           0x0000000000803800        0x0 load address 0x00000000000000f0
                [!provide]                        PROVIDE (__data_start, .)
 *(.gnu.linkonce.d*)
                0x0000000000803800                . = ALIGN (0x2)
                0x0000000000803800                _edata = .
                [!provide]                        PROVIDE (__data_end, .)

.bss            0x0000000000803800       0x29
                [!provide]                        PROVIDE (__bss_start, .)
 *(COMMON)
 COMMON         0x0000000000803800       0x1c build/default/debug/mcc_generated_files/src/twi0_slave.o
                0x0000000000803800                I2C0_BusErrorInterruptHandler
                0x0000000000803802                Tt3
                0x0000000000803806                I2C0_CollisionInterruptHandler
                0x0000000000803808                I2C0_AddressInterruptHandler
                0x000000000080380a                I2C0_ReadInterruptHandler
                0x000000000080380c                Tt4
                0x0000000000803810                Tt1
                0x0000000000803814                I2C0_StopInterruptHandler
                0x0000000000803816                I2C0_WriteInterruptHandler
                0x0000000000803818                Tt5
 COMMON         0x000000000080381c        0x4 build/default/debug/ADC_toVoltage_Temperature.o
                0x000000000080381c                Vref
 COMMON         0x0000000000803820        0x3 build/default/debug/i2c_Temperature.o
                0x0000000000803820                reg
                0x0000000000803821                temp
 COMMON         0x0000000000803823        0x6 c:/program files/microchip/xc8/v2.32/avr/bin/../lib/gcc/avr/5.4.0/../../../../avr/lib/avrxmega3\libc.a(iob.o)
                0x0000000000803823                __iob
                [!provide]                        PROVIDE (__bss_end, .)
                0x00000000000000f0                __data_load_start = LOADADDR (.data)
                0x00000000000000f0                __data_load_end = (__data_load_start + SIZEOF (.data))

.noinit         0x0000000000803829        0x0
                [!provide]                        PROVIDE (__noinit_start, .)
 *(.noinit*)
                [!provide]                        PROVIDE (__noinit_end, .)
                0x0000000000803829                _end = .

.eeprom         0x0000000000810000        0x0
 *(.eeprom*)
                0x0000000000810000                __eeprom_end = .

.fuse           0x0000000000820000        0x9
 *(.fuse)
 .fuse          0x0000000000820000        0x9 build/default/debug/mcc_generated_files/device_config.o
                0x0000000000820000                __fuse
 *(.lfuse)
 *(.hfuse)
 *(.efuse)

.lock
 *(.lock*)

.signature
 *(.signature*)

.user_signatures
 *(.user_signatures*)

.stab
 *(.stab)

.stabstr
 *(.stabstr)

.stab.excl
 *(.stab.excl)

.stab.exclstr
 *(.stab.exclstr)

.stab.index
 *(.stab.index)

.stab.indexstr
 *(.stab.indexstr)

.comment        0x0000000000000000       0x5b
 *(.comment)
 .comment       0x0000000000000000       0x2f build/default/debug/mcc_generated_files/src/vref.o
                                         0x30 (size before relaxing)
 .comment       0x000000000000002f       0x30 build/default/debug/mcc_generated_files/src/usart0.o
 .comment       0x000000000000002f       0x30 build/default/debug/mcc_generated_files/src/adc0.o
 .comment       0x000000000000002f       0x30 build/default/debug/mcc_generated_files/src/pin_manager.o
 .comment       0x000000000000002f       0x30 build/default/debug/mcc_generated_files/src/cpuint.o
 .comment       0x000000000000002f       0x30 build/default/debug/mcc_generated_files/src/twi0_slave.o
 .comment       0x000000000000002f       0x30 build/default/debug/mcc_generated_files/device_config.o
 .comment       0x000000000000002f       0x30 build/default/debug/mcc_generated_files/mcc.o
 .comment       0x000000000000002f       0x30 build/default/debug/main.o
 .comment       0x000000000000002f       0x30 build/default/debug/ADC_toVoltage_Temperature.o
 .comment       0x000000000000002f       0x30 build/default/debug/temperature.o
 .comment       0x000000000000002f       0x30 build/default/debug/i2c_Temperature.o
 .comment       0x000000000000002f       0x2c c:/program files/microchip/xc8/v2.32/avr/bin/../lib/gcc/avr/5.4.0/../../../../avr/lib/avrxmega3\libc.a(iob.o)
                                         0x2d (size before relaxing)
 .comment       0x000000000000005b       0x2d c:/program files/microchip/xc8/v2.32/avr/bin/../lib/gcc/avr/5.4.0/../../../../avr/lib/avrxmega3\libc.a(printf.o)
 .comment       0x000000000000005b       0x2d c:/program files/microchip/xc8/v2.32/avr/bin/../lib/gcc/avr/5.4.0/../../../../avr/lib/avrxmega3\libc.a(puts.o)
 .comment       0x000000000000005b       0x2d c:/program files/microchip/xc8/v2.32/avr/bin/../lib/gcc/avr/5.4.0/../../../../avr/lib/avrxmega3\libc.a(vfprintf_std.o)
 .comment       0x000000000000005b       0x2d c:/program files/microchip/xc8/v2.32/avr/bin/../lib/gcc/avr/5.4.0/../../../../avr/lib/avrxmega3\libc.a(fputc.o)

.stack.descriptors.hdr
                0x0000000000000000      0x188
 .stack.descriptors.hdr
                0x0000000000000000        0xe c:/program files/microchip/xc8/v2.32/avr/bin/../lib/gcc/avr/5.4.0/../../../../avr/lib/avrxmega3\libm.a(addsf3.o)
 .stack.descriptors.hdr
                0x000000000000000e        0xe c:/program files/microchip/xc8/v2.32/avr/bin/../lib/gcc/avr/5.4.0/../../../../avr/lib/avrxmega3\libm.a(addsf3x.o)
 .stack.descriptors.hdr
                0x000000000000001c        0xe c:/program files/microchip/xc8/v2.32/avr/bin/../lib/gcc/avr/5.4.0/../../../../avr/lib/avrxmega3\libm.a(cmpsf2.o)
 .stack.descriptors.hdr
                0x000000000000002a        0xe c:/program files/microchip/xc8/v2.32/avr/bin/../lib/gcc/avr/5.4.0/../../../../avr/lib/avrxmega3\libm.a(divsf3.o)
 .stack.descriptors.hdr
                0x0000000000000038        0xe c:/program files/microchip/xc8/v2.32/avr/bin/../lib/gcc/avr/5.4.0/../../../../avr/lib/avrxmega3\libm.a(divsf3x.o)
 .stack.descriptors.hdr
                0x0000000000000046        0xe c:/program files/microchip/xc8/v2.32/avr/bin/../lib/gcc/avr/5.4.0/../../../../avr/lib/avrxmega3\libm.a(fixsfsi.o)
 .stack.descriptors.hdr
                0x0000000000000054        0xe c:/program files/microchip/xc8/v2.32/avr/bin/../lib/gcc/avr/5.4.0/../../../../avr/lib/avrxmega3\libm.a(fixunssfsi.o)
 .stack.descriptors.hdr
                0x0000000000000062        0xe c:/program files/microchip/xc8/v2.32/avr/bin/../lib/gcc/avr/5.4.0/../../../../avr/lib/avrxmega3\libm.a(floatsisf.o)
 .stack.descriptors.hdr
                0x0000000000000070        0xe c:/program files/microchip/xc8/v2.32/avr/bin/../lib/gcc/avr/5.4.0/../../../../avr/lib/avrxmega3\libm.a(fp_cmp.o)
 .stack.descriptors.hdr
                0x000000000000007e        0xe c:/program files/microchip/xc8/v2.32/avr/bin/../lib/gcc/avr/5.4.0/../../../../avr/lib/avrxmega3\libm.a(fp_inf.o)
 .stack.descriptors.hdr
                0x000000000000008c        0xe c:/program files/microchip/xc8/v2.32/avr/bin/../lib/gcc/avr/5.4.0/../../../../avr/lib/avrxmega3\libm.a(fp_nan.o)
 .stack.descriptors.hdr
                0x000000000000009a        0xe c:/program files/microchip/xc8/v2.32/avr/bin/../lib/gcc/avr/5.4.0/../../../../avr/lib/avrxmega3\libm.a(fp_pscA.o)
 .stack.descriptors.hdr
                0x00000000000000a8        0xe c:/program files/microchip/xc8/v2.32/avr/bin/../lib/gcc/avr/5.4.0/../../../../avr/lib/avrxmega3\libm.a(fp_pscB.o)
 .stack.descriptors.hdr
                0x00000000000000b6        0xe c:/program files/microchip/xc8/v2.32/avr/bin/../lib/gcc/avr/5.4.0/../../../../avr/lib/avrxmega3\libm.a(fp_round.o)
 .stack.descriptors.hdr
                0x00000000000000c4        0xe c:/program files/microchip/xc8/v2.32/avr/bin/../lib/gcc/avr/5.4.0/../../../../avr/lib/avrxmega3\libm.a(fp_split3.o)
 .stack.descriptors.hdr
                0x00000000000000d2        0xe c:/program files/microchip/xc8/v2.32/avr/bin/../lib/gcc/avr/5.4.0/../../../../avr/lib/avrxmega3\libm.a(fp_zero.o)
 .stack.descriptors.hdr
                0x00000000000000e0        0xe c:/program files/microchip/xc8/v2.32/avr/bin/../lib/gcc/avr/5.4.0/../../../../avr/lib/avrxmega3\libm.a(gesf2.o)
 .stack.descriptors.hdr
                0x00000000000000ee        0xe c:/program files/microchip/xc8/v2.32/avr/bin/../lib/gcc/avr/5.4.0/../../../../avr/lib/avrxmega3\libm.a(mulsf3.o)
 .stack.descriptors.hdr
                0x00000000000000fc        0xe c:/program files/microchip/xc8/v2.32/avr/bin/../lib/gcc/avr/5.4.0/../../../../avr/lib/avrxmega3\libm.a(mulsf3x.o)
 .stack.descriptors.hdr
                0x000000000000010a        0xe c:/program files/microchip/xc8/v2.32/avr/bin/../lib/gcc/avr/5.4.0/avrxmega3\libgcc.a(_exit.o)
 .stack.descriptors.hdr
                0x0000000000000118        0xe c:/program files/microchip/xc8/v2.32/avr/bin/../lib/gcc/avr/5.4.0/../../../../avr/lib/avrxmega3\libc.a(iob.o)
 .stack.descriptors.hdr
                0x0000000000000126        0xe c:/program files/microchip/xc8/v2.32/avr/bin/../lib/gcc/avr/5.4.0/../../../../avr/lib/avrxmega3\libc.a(printf.o)
 .stack.descriptors.hdr
                0x0000000000000134        0xe c:/program files/microchip/xc8/v2.32/avr/bin/../lib/gcc/avr/5.4.0/../../../../avr/lib/avrxmega3\libc.a(puts.o)
 .stack.descriptors.hdr
                0x0000000000000142        0xe c:/program files/microchip/xc8/v2.32/avr/bin/../lib/gcc/avr/5.4.0/../../../../avr/lib/avrxmega3\libc.a(vfprintf_std.o)
 .stack.descriptors.hdr
                0x0000000000000150        0xe c:/program files/microchip/xc8/v2.32/avr/bin/../lib/gcc/avr/5.4.0/../../../../avr/lib/avrxmega3\libc.a(strnlen_P.o)
 .stack.descriptors.hdr
                0x000000000000015e        0xe c:/program files/microchip/xc8/v2.32/avr/bin/../lib/gcc/avr/5.4.0/../../../../avr/lib/avrxmega3\libc.a(strnlen.o)
 .stack.descriptors.hdr
                0x000000000000016c        0xe c:/program files/microchip/xc8/v2.32/avr/bin/../lib/gcc/avr/5.4.0/../../../../avr/lib/avrxmega3\libc.a(fputc.o)
 .stack.descriptors.hdr
                0x000000000000017a        0xe c:/program files/microchip/xc8/v2.32/avr/bin/../lib/gcc/avr/5.4.0/../../../../avr/lib/avrxmega3\libc.a(ultoa_invert.o)

.note.gnu.build-id
 *(.note.gnu.build-id)

.debug
 *(.debug)

.line
 *(.line)

.debug_srcinfo
 *(.debug_srcinfo)

.debug_sfnames
 *(.debug_sfnames)

.debug_aranges  0x0000000000000000      0x520
 *(.debug_aranges)
 .debug_aranges
                0x0000000000000000       0x20 build/default/debug/mcc_generated_files/src/vref.o
 .debug_aranges
                0x0000000000000020       0xc0 build/default/debug/mcc_generated_files/src/usart0.o
 .debug_aranges
                0x00000000000000e0       0x20 build/default/debug/mcc_generated_files/src/protected_io.o
 .debug_aranges
                0x0000000000000100       0xe0 build/default/debug/mcc_generated_files/src/adc0.o
 .debug_aranges
                0x00000000000001e0       0xc8 build/default/debug/mcc_generated_files/src/pin_manager.o
 .debug_aranges
                0x00000000000002a8       0x20 build/default/debug/mcc_generated_files/src/cpuint.o
 .debug_aranges
                0x00000000000002c8      0x140 build/default/debug/mcc_generated_files/src/twi0_slave.o
 .debug_aranges
                0x0000000000000408       0x18 build/default/debug/mcc_generated_files/device_config.o
 .debug_aranges
                0x0000000000000420       0x48 build/default/debug/mcc_generated_files/mcc.o
 .debug_aranges
                0x0000000000000468       0x20 build/default/debug/main.o
 .debug_aranges
                0x0000000000000488       0x30 build/default/debug/ADC_toVoltage_Temperature.o
 .debug_aranges
                0x00000000000004b8       0x30 build/default/debug/temperature.o
 .debug_aranges
                0x00000000000004e8       0x38 build/default/debug/i2c_Temperature.o

.debug_pubnames
 *(.debug_pubnames)

.debug_info     0x0000000000000000     0x7a4d
 *(.debug_info .gnu.linkonce.wi.*)
 .debug_info    0x0000000000000000     0x189f C:/Users/rtavi/.mchp_packs/Microchip/ATtiny_DFP/2.6.122/xc8/avr/lib/avrxmega3/crtattiny1627.o
 .debug_info    0x000000000000189f      0x30b build/default/debug/mcc_generated_files/src/vref.o
 .debug_info    0x0000000000001baa      0xafc build/default/debug/mcc_generated_files/src/usart0.o
 .debug_info    0x00000000000026a6       0x79 build/default/debug/mcc_generated_files/src/protected_io.o
 .debug_info    0x000000000000271f     0x124d build/default/debug/mcc_generated_files/src/adc0.o
 .debug_info    0x000000000000396c      0xc2a build/default/debug/mcc_generated_files/src/pin_manager.o
 .debug_info    0x0000000000004596      0x3c6 build/default/debug/mcc_generated_files/src/cpuint.o
 .debug_info    0x000000000000495c      0xe42 build/default/debug/mcc_generated_files/src/twi0_slave.o
 .debug_info    0x000000000000579e      0x7ff build/default/debug/mcc_generated_files/device_config.o
 .debug_info    0x0000000000005f9d      0x974 build/default/debug/mcc_generated_files/mcc.o
 .debug_info    0x0000000000006911      0x430 build/default/debug/main.o
 .debug_info    0x0000000000006d41      0x37a build/default/debug/ADC_toVoltage_Temperature.o
 .debug_info    0x00000000000070bb      0x60b build/default/debug/temperature.o
 .debug_info    0x00000000000076c6      0x387 build/default/debug/i2c_Temperature.o

.debug_abbrev   0x0000000000000000     0x277e
 *(.debug_abbrev)
 .debug_abbrev  0x0000000000000000     0x1750 C:/Users/rtavi/.mchp_packs/Microchip/ATtiny_DFP/2.6.122/xc8/avr/lib/avrxmega3/crtattiny1627.o
 .debug_abbrev  0x0000000000001750       0x8c build/default/debug/mcc_generated_files/src/vref.o
 .debug_abbrev  0x00000000000017dc      0x2c9 build/default/debug/mcc_generated_files/src/usart0.o
 .debug_abbrev  0x0000000000001aa5       0x14 build/default/debug/mcc_generated_files/src/protected_io.o
 .debug_abbrev  0x0000000000001ab9      0x257 build/default/debug/mcc_generated_files/src/adc0.o
 .debug_abbrev  0x0000000000001d10      0x160 build/default/debug/mcc_generated_files/src/pin_manager.o
 .debug_abbrev  0x0000000000001e70       0xfa build/default/debug/mcc_generated_files/src/cpuint.o
 .debug_abbrev  0x0000000000001f6a      0x292 build/default/debug/mcc_generated_files/src/twi0_slave.o
 .debug_abbrev  0x00000000000021fc       0x97 build/default/debug/mcc_generated_files/device_config.o
 .debug_abbrev  0x0000000000002293      0x192 build/default/debug/mcc_generated_files/mcc.o
 .debug_abbrev  0x0000000000002425       0xe0 build/default/debug/main.o
 .debug_abbrev  0x0000000000002505       0xd2 build/default/debug/ADC_toVoltage_Temperature.o
 .debug_abbrev  0x00000000000025d7       0xfb build/default/debug/temperature.o
 .debug_abbrev  0x00000000000026d2       0xac build/default/debug/i2c_Temperature.o

.debug_line     0x0000000000000000     0x1fd1
 *(.debug_line .debug_line.* .debug_line_end)
 .debug_line    0x0000000000000000      0x14b C:/Users/rtavi/.mchp_packs/Microchip/ATtiny_DFP/2.6.122/xc8/avr/lib/avrxmega3/crtattiny1627.o
 .debug_line    0x000000000000014b       0xf9 build/default/debug/mcc_generated_files/src/vref.o
 .debug_line    0x0000000000000244      0x43b build/default/debug/mcc_generated_files/src/usart0.o
 .debug_line    0x000000000000067f       0x66 build/default/debug/mcc_generated_files/src/protected_io.o
 .debug_line    0x00000000000006e5      0x428 build/default/debug/mcc_generated_files/src/adc0.o
 .debug_line    0x0000000000000b0d      0x37f build/default/debug/mcc_generated_files/src/pin_manager.o
 .debug_line    0x0000000000000e8c      0x177 build/default/debug/mcc_generated_files/src/cpuint.o
 .debug_line    0x0000000000001003      0x621 build/default/debug/mcc_generated_files/src/twi0_slave.o
 .debug_line    0x0000000000001624       0xdc build/default/debug/mcc_generated_files/device_config.o
 .debug_line    0x0000000000001700      0x2c4 build/default/debug/mcc_generated_files/mcc.o
 .debug_line    0x00000000000019c4      0x1e5 build/default/debug/main.o
 .debug_line    0x0000000000001ba9      0x10a build/default/debug/ADC_toVoltage_Temperature.o
 .debug_line    0x0000000000001cb3      0x1d5 build/default/debug/temperature.o
 .debug_line    0x0000000000001e88      0x149 build/default/debug/i2c_Temperature.o

.debug_frame    0x0000000000000000      0xa90
 *(.debug_frame)
 .debug_frame   0x0000000000000000       0x24 build/default/debug/mcc_generated_files/src/vref.o
 .debug_frame   0x0000000000000024      0x210 build/default/debug/mcc_generated_files/src/usart0.o
 .debug_frame   0x0000000000000234      0x1e0 build/default/debug/mcc_generated_files/src/adc0.o
 .debug_frame   0x0000000000000414      0x180 build/default/debug/mcc_generated_files/src/pin_manager.o
 .debug_frame   0x0000000000000594       0x24 build/default/debug/mcc_generated_files/src/cpuint.o
 .debug_frame   0x00000000000005b8      0x2ac build/default/debug/mcc_generated_files/src/twi0_slave.o
 .debug_frame   0x0000000000000864       0x84 build/default/debug/mcc_generated_files/mcc.o
 .debug_frame   0x00000000000008e8       0x74 build/default/debug/main.o
 .debug_frame   0x000000000000095c       0x74 build/default/debug/ADC_toVoltage_Temperature.o
 .debug_frame   0x00000000000009d0       0x6c build/default/debug/temperature.o
 .debug_frame   0x0000000000000a3c       0x54 build/default/debug/i2c_Temperature.o

.debug_str      0x0000000000000000      0xc01
 *(.debug_str)
 .debug_str     0x0000000000000000      0xad0 C:/Users/rtavi/.mchp_packs/Microchip/ATtiny_DFP/2.6.122/xc8/avr/lib/avrxmega3/crtattiny1627.o
 .debug_str     0x0000000000000ad0        0x0 build/default/debug/mcc_generated_files/src/vref.o
 .debug_str     0x0000000000000ad0        0x0 build/default/debug/mcc_generated_files/src/usart0.o
 .debug_str     0x0000000000000ad0       0x11 build/default/debug/mcc_generated_files/src/adc0.o
 .debug_str     0x0000000000000ae1       0x1c build/default/debug/mcc_generated_files/src/pin_manager.o
 .debug_str     0x0000000000000afd       0x13 build/default/debug/mcc_generated_files/src/cpuint.o
 .debug_str     0x0000000000000b10        0x8 build/default/debug/mcc_generated_files/src/twi0_slave.o
 .debug_str     0x0000000000000b18        0x0 build/default/debug/mcc_generated_files/device_config.o
 .debug_str     0x0000000000000b18       0x94 build/default/debug/mcc_generated_files/mcc.o
 .debug_str     0x0000000000000bac        0x0 build/default/debug/main.o
 .debug_str     0x0000000000000bac       0x17 build/default/debug/ADC_toVoltage_Temperature.o
 .debug_str     0x0000000000000bc3       0x29 build/default/debug/temperature.o
 .debug_str     0x0000000000000bec       0x15 build/default/debug/i2c_Temperature.o

.debug_loc      0x0000000000000000      0x72d
 *(.debug_loc)
 .debug_loc     0x0000000000000000      0x123 build/default/debug/mcc_generated_files/src/usart0.o
 .debug_loc     0x0000000000000123      0x17c build/default/debug/mcc_generated_files/src/adc0.o
 .debug_loc     0x000000000000029f       0x36 build/default/debug/mcc_generated_files/src/pin_manager.o
 .debug_loc     0x00000000000002d5       0x2a build/default/debug/mcc_generated_files/src/cpuint.o
 .debug_loc     0x00000000000002ff       0x8a build/default/debug/mcc_generated_files/src/twi0_slave.o
 .debug_loc     0x0000000000000389      0x148 build/default/debug/mcc_generated_files/mcc.o
 .debug_loc     0x00000000000004d1       0x8c build/default/debug/ADC_toVoltage_Temperature.o
 .debug_loc     0x000000000000055d      0x1d0 build/default/debug/temperature.o

.debug_macinfo
 *(.debug_macinfo)

.debug_weaknames
 *(.debug_weaknames)

.debug_funcnames
 *(.debug_funcnames)

.debug_typenames
 *(.debug_typenames)

.debug_varnames
 *(.debug_varnames)

.debug_pubtypes
 *(.debug_pubtypes)

.debug_ranges   0x0000000000000000      0x438
 *(.debug_ranges)
 .debug_ranges  0x0000000000000000       0x10 build/default/debug/mcc_generated_files/src/vref.o
 .debug_ranges  0x0000000000000010       0xb0 build/default/debug/mcc_generated_files/src/usart0.o
 .debug_ranges  0x00000000000000c0       0xd0 build/default/debug/mcc_generated_files/src/adc0.o
 .debug_ranges  0x0000000000000190       0xb8 build/default/debug/mcc_generated_files/src/pin_manager.o
 .debug_ranges  0x0000000000000248       0x10 build/default/debug/mcc_generated_files/src/cpuint.o
 .debug_ranges  0x0000000000000258      0x130 build/default/debug/mcc_generated_files/src/twi0_slave.o
 .debug_ranges  0x0000000000000388       0x38 build/default/debug/mcc_generated_files/mcc.o
 .debug_ranges  0x00000000000003c0       0x10 build/default/debug/main.o
 .debug_ranges  0x00000000000003d0       0x20 build/default/debug/ADC_toVoltage_Temperature.o
 .debug_ranges  0x00000000000003f0       0x20 build/default/debug/temperature.o
 .debug_ranges  0x0000000000000410       0x28 build/default/debug/i2c_Temperature.o

.debug_macro
 *(.debug_macro)
OUTPUT(dist/default/debug/Temperature.X.debug.elf elf32-avr)
LOAD linker stubs
LOAD data_init

.note.gnu.avr.deviceinfo
                0x0000000000000000       0x40
 .note.gnu.avr.deviceinfo
                0x0000000000000000       0x40 C:/Users/rtavi/.mchp_packs/Microchip/ATtiny_DFP/2.6.122/xc8/avr/lib/avrxmega3/crtattiny1627.o

.bss.USART0_tx_elements
                0x000000000080384d        0x1
 .bss.USART0_tx_elements
                0x000000000080384d        0x1 build/default/debug/mcc_generated_files/src/usart0.o

.bss.USART0_tx_tail
                0x000000000080384e        0x1
 .bss.USART0_tx_tail
                0x000000000080384e        0x1 build/default/debug/mcc_generated_files/src/usart0.o

.bss.USART0_tx_head
                0x000000000080384f        0x1
 .bss.USART0_tx_head
                0x000000000080384f        0x1 build/default/debug/mcc_generated_files/src/usart0.o

.bss.USART0_txbuf
                0x0000000000803837        0x8
 .bss.USART0_txbuf
                0x0000000000803837        0x8 build/default/debug/mcc_generated_files/src/usart0.o

.bss.USART0_rx_elements
                0x0000000000803850        0x1
 .bss.USART0_rx_elements
                0x0000000000803850        0x1 build/default/debug/mcc_generated_files/src/usart0.o

.bss.USART0_rx_tail
                0x0000000000803851        0x1
 .bss.USART0_rx_tail
                0x0000000000803851        0x1 build/default/debug/mcc_generated_files/src/usart0.o

.bss.USART0_rx_head
                0x0000000000803852        0x1
 .bss.USART0_rx_head
                0x0000000000803852        0x1 build/default/debug/mcc_generated_files/src/usart0.o

.bss.USART0_rxbuf
                0x000000000080383f        0x8
 .bss.USART0_rxbuf
                0x000000000080383f        0x8 build/default/debug/mcc_generated_files/src/usart0.o

.bss.y          0x000000000080384b        0x2
 .bss.y         0x000000000080384b        0x2 build/default/debug/i2c_Temperature.o
                0x000000000080384b                y

.text.avrlibc   0x00000000000000f0      0x3c2
 .text.avrlibc  0x00000000000000f0      0x3c2 c:/program files/microchip/xc8/v2.32/avr/bin/../lib/gcc/avr/5.4.0/../../../../avr/lib/avrxmega3\libc.a(vfprintf_std.o)
                0x00000000000000f0                vfprintf

.text.main      0x00000000000004b2      0x1b4
 .text.main     0x00000000000004b2      0x1b4 build/default/debug/main.o
                0x00000000000004b2                main

.text.avrlibc.fplib
                0x0000000000000666       0xde
 .text.avrlibc.fplib
                0x0000000000000666       0xde c:/program files/microchip/xc8/v2.32/avr/bin/../lib/gcc/avr/5.4.0/../../../../avr/lib/avrxmega3\libm.a(divsf3x.o)
                0x0000000000000666                __divsf3x
                0x000000000000068e                __divsf3_pse

.text.avrlibc.fplib
                0x0000000000000744       0xd4
 .text.avrlibc.fplib
                0x0000000000000744       0xd4 c:/program files/microchip/xc8/v2.32/avr/bin/../lib/gcc/avr/5.4.0/../../../../avr/lib/avrxmega3\libm.a(mulsf3x.o)
                0x0000000000000744                __mulsf3x
                0x000000000000076a                __mulsf3_pse

.text.avrlibc.fplib
                0x0000000000000818       0xce
 .text.avrlibc.fplib
                0x0000000000000818       0xce c:/program files/microchip/xc8/v2.32/avr/bin/../lib/gcc/avr/5.4.0/../../../../avr/lib/avrxmega3\libm.a(addsf3x.o)
                0x0000000000000818                __addsf3x

.text.avrlibc   0x00000000000008e6       0xbc
 .text.avrlibc  0x00000000000008e6       0xbc c:/program files/microchip/xc8/v2.32/avr/bin/../lib/gcc/avr/5.4.0/../../../../avr/lib/avrxmega3\libc.a(ultoa_invert.o)
                0x00000000000008e6                __ultoa_invert

.text.compute_RTD
                0x00000000000009a2       0xaa
 .text.compute_RTD
                0x00000000000009a2       0xaa build/default/debug/temperature.o
                0x00000000000009a2                compute_RTD

.text.__vector_14
                0x0000000000000a4c       0xa8
 .text.__vector_14
                0x0000000000000a4c       0xa8 build/default/debug/mcc_generated_files/src/twi0_slave.o
                0x0000000000000a4c                __vector_14

.text.ADC_DifftoVoltage
                0x0000000000000af4       0x96
 .text.ADC_DifftoVoltage
                0x0000000000000af4       0x96 build/default/debug/ADC_toVoltage_Temperature.o
                0x0000000000000af4                ADC_DifftoVoltage

.text.PIN_MANAGER_Initialize
                0x0000000000000b8a       0x8a
 .text.PIN_MANAGER_Initialize
                0x0000000000000b8a       0x8a build/default/debug/mcc_generated_files/src/pin_manager.o
                0x0000000000000b8a                PIN_MANAGER_Initialize

.text.avrlibc   0x0000000000000c14       0x80
 .text.avrlibc  0x0000000000000c14       0x80 c:/program files/microchip/xc8/v2.32/avr/bin/../lib/gcc/avr/5.4.0/../../../../avr/lib/avrxmega3\libc.a(puts.o)
                0x0000000000000c14                puts

.text.compute_Thermocouple
                0x0000000000000c94       0x7a
 .text.compute_Thermocouple
                0x0000000000000c94       0x7a build/default/debug/temperature.o
                0x0000000000000c94                compute_Thermocouple

.text.avrlibc.fplib
                0x0000000000000d0e       0x7a
 .text.avrlibc.fplib
                0x0000000000000d0e       0x7a c:/program files/microchip/xc8/v2.32/avr/bin/../lib/gcc/avr/5.4.0/../../../../avr/lib/avrxmega3\libm.a(floatsisf.o)
                0x0000000000000d0e                __floatunsisf
                0x0000000000000d12                __floatsisf

.text.avrlibc   0x0000000000000d88       0x78
 .text.avrlibc  0x0000000000000d88       0x78 c:/program files/microchip/xc8/v2.32/avr/bin/../lib/gcc/avr/5.4.0/../../../../avr/lib/avrxmega3\libc.a(fputc.o)
                0x0000000000000d88                fputc

.text.measure_Tt
                0x0000000000000e00       0x6a
 .text.measure_Tt
                0x0000000000000e00       0x6a build/default/debug/temperature.o
                0x0000000000000e00                measure_Tt

.text.avrlibc.fplib
                0x0000000000000e6a       0x5e
 .text.avrlibc.fplib
                0x0000000000000e6a       0x5e c:/program files/microchip/xc8/v2.32/avr/bin/../lib/gcc/avr/5.4.0/../../../../avr/lib/avrxmega3\libm.a(fixunssfsi.o)
                0x0000000000000e6a                __fixunssfsi

.text.I2C0_Initialize
                0x0000000000000ec8       0x5a
 .text.I2C0_Initialize
                0x0000000000000ec8       0x5a build/default/debug/mcc_generated_files/src/twi0_slave.o
                0x0000000000000ec8                I2C0_Initialize

.text.__vector_17
                0x0000000000000f22       0x52
 .text.__vector_17
                0x0000000000000f22       0x52 build/default/debug/mcc_generated_files/src/usart0.o
                0x0000000000000f22                __vector_17

.text.__vector_18
                0x0000000000000f74       0x52
 .text.__vector_18
                0x0000000000000f74       0x52 build/default/debug/mcc_generated_files/src/usart0.o
                0x0000000000000f74                __vector_18

.text.write_float
                0x0000000000000fc6       0x52
 .text.write_float
                0x0000000000000fc6       0x52 build/default/debug/i2c_Temperature.o
                0x0000000000000fc6                write_float

.text.send_data
                0x0000000000001018       0x4e
 .text.send_data
                0x0000000000001018       0x4e build/default/debug/i2c_Temperature.o
                0x0000000000001018                send_data

.text.CLKCTRL_Initialize
                0x0000000000001066       0x4c
 .text.CLKCTRL_Initialize
                0x0000000000001066       0x4c build/default/debug/mcc_generated_files/mcc.o
                0x0000000000001066                CLKCTRL_Initialize

.text.avrlibc.fplib
                0x00000000000010b2       0x48
 .text.avrlibc.fplib
                0x00000000000010b2       0x48 c:/program files/microchip/xc8/v2.32/avr/bin/../lib/gcc/avr/5.4.0/../../../../avr/lib/avrxmega3\libm.a(fp_cmp.o)
                0x00000000000010b2                __fp_cmp

.rodata         0x00000000008090fa       0x47 load address 0x00000000000010fa
 .rodata        0x00000000008090fa       0x47 build/default/debug/main.o

.data.channel   0x0000000000803853        0x1 load address 0x0000000000001141
 .data.channel  0x0000000000803853        0x1 build/default/debug/temperature.o
                0x0000000000803853                channel

.text.USART0_Initialize
                0x0000000000001142       0x46
 .text.USART0_Initialize
                0x0000000000001142       0x46 build/default/debug/mcc_generated_files/src/usart0.o
                0x0000000000001142                USART0_Initialize

.text.avrlibc.fplib
                0x0000000000001188       0x44
 .text.avrlibc.fplib
                0x0000000000001188       0x44 c:/program files/microchip/xc8/v2.32/avr/bin/../lib/gcc/avr/5.4.0/../../../../avr/lib/avrxmega3\libm.a(fp_split3.o)
                0x0000000000001188                __fp_split3
                0x0000000000001198                __fp_splitA

.text.USART0_DefaultTxIsrCb
                0x00000000000011cc       0x3e
 .text.USART0_DefaultTxIsrCb
                0x00000000000011cc       0x3e build/default/debug/mcc_generated_files/src/usart0.o
                0x00000000000011cc                USART0_DefaultTxIsrCb

.text.USART0_Write
                0x000000000000120a       0x3e
 .text.USART0_Write
                0x000000000000120a       0x3e build/default/debug/mcc_generated_files/src/usart0.o
                0x000000000000120a                USART0_Write

.text.ADC_SetVREF
                0x0000000000001248       0x3c
 .text.ADC_SetVREF
                0x0000000000001248       0x3c build/default/debug/ADC_toVoltage_Temperature.o
                0x0000000000001248                ADC_SetVREF

.text.ADC0_Initialize
                0x0000000000001284       0x3a
 .text.ADC0_Initialize
                0x0000000000001284       0x3a build/default/debug/mcc_generated_files/src/adc0.o
                0x0000000000001284                ADC0_Initialize

.text.ADC0_GetDiffConversion
                0x00000000000012be       0x3a
 .text.ADC0_GetDiffConversion
                0x00000000000012be       0x3a build/default/debug/mcc_generated_files/src/adc0.o
                0x00000000000012be                ADC0_GetDiffConversion

.text.PORT_Initialize
                0x00000000000012f8       0x38
 .text.PORT_Initialize
                0x00000000000012f8       0x38 build/default/debug/mcc_generated_files/src/pin_manager.o
                0x00000000000012f8                PORT_Initialize

.text.libgcc.prologue
                0x0000000000001330       0x32
 .text.libgcc.prologue
                0x0000000000001330       0x32 c:/program files/microchip/xc8/v2.32/avr/bin/../lib/gcc/avr/5.4.0/avrxmega3\libgcc.a(_prologue.o)
                0x0000000000001330                __prologue_saves__

.text.__vector_21
                0x0000000000001362       0x30
 .text.__vector_21
                0x0000000000001362       0x30 build/default/debug/mcc_generated_files/src/adc0.o
                0x0000000000001362                __vector_21

.text.libgcc.prologue
                0x0000000000001392       0x30
 .text.libgcc.prologue
                0x0000000000001392       0x30 c:/program files/microchip/xc8/v2.32/avr/bin/../lib/gcc/avr/5.4.0/avrxmega3\libgcc.a(_epilogue.o)
                0x0000000000001392                __epilogue_restores__

.text.USART0_DefaultRxIsrCb
                0x00000000000013c2       0x2c
 .text.USART0_DefaultRxIsrCb
                0x00000000000013c2       0x2c build/default/debug/mcc_generated_files/src/usart0.o
                0x00000000000013c2                USART0_DefaultRxIsrCb

.text.avrlibc   0x00000000000013ee       0x2c
 .text.avrlibc  0x00000000000013ee       0x2c c:/program files/microchip/xc8/v2.32/avr/bin/../lib/gcc/avr/5.4.0/../../../../avr/lib/avrxmega3\libc.a(printf.o)
                0x00000000000013ee                printf

.text.__vector_19
                0x000000000000141a       0x2a
 .text.__vector_19
                0x000000000000141a       0x2a build/default/debug/mcc_generated_files/src/usart0.o
                0x000000000000141a                __vector_19

.text.SYSTEM_Initialize
                0x0000000000001444       0x26
 .text.SYSTEM_Initialize
                0x0000000000001444       0x26 build/default/debug/mcc_generated_files/mcc.o
                0x0000000000001444                SYSTEM_Initialize

.text.avrlibc.fplib
                0x000000000000146a       0x22
 .text.avrlibc.fplib
                0x000000000000146a       0x22 c:/program files/microchip/xc8/v2.32/avr/bin/../lib/gcc/avr/5.4.0/../../../../avr/lib/avrxmega3\libm.a(fp_round.o)
                0x000000000000146a                __fp_round

.text.__vector_23
                0x000000000000148c       0x1e
 .text.__vector_23
                0x000000000000148c       0x1e build/default/debug/mcc_generated_files/src/adc0.o
                0x000000000000148c                __vector_23

.text.__vector_22
                0x00000000000014aa       0x1e
 .text.__vector_22
                0x00000000000014aa       0x1e build/default/debug/mcc_generated_files/src/adc0.o
                0x00000000000014aa                __vector_22

.text.__vector_2
                0x00000000000014c8       0x1e
 .text.__vector_2
                0x00000000000014c8       0x1e build/default/debug/mcc_generated_files/mcc.o
                0x00000000000014c8                __vector_2

.text.CPUINT_Initialize
                0x00000000000014e6       0x1a
 .text.CPUINT_Initialize
                0x00000000000014e6       0x1a build/default/debug/mcc_generated_files/src/cpuint.o
                0x00000000000014e6                CPUINT_Initialize

.text.I2C0_SlaveIsStopInterrupt
                0x0000000000001500       0x18
 .text.I2C0_SlaveIsStopInterrupt
                0x0000000000001500       0x18 build/default/debug/mcc_generated_files/src/twi0_slave.o
                0x0000000000001500                I2C0_SlaveIsStopInterrupt

.text.BOD_Initialize
                0x0000000000001518       0x18
 .text.BOD_Initialize
                0x0000000000001518       0x18 build/default/debug/mcc_generated_files/mcc.o
                0x0000000000001518                BOD_Initialize

.text.I2C0_SlaveIsAddressInterrupt
                0x0000000000001530       0x16
 .text.I2C0_SlaveIsAddressInterrupt
                0x0000000000001530       0x16 build/default/debug/mcc_generated_files/src/twi0_slave.o
                0x0000000000001530                I2C0_SlaveIsAddressInterrupt

.text.avrlibc   0x0000000000001546       0x16
 .text.avrlibc  0x0000000000001546       0x16 c:/program files/microchip/xc8/v2.32/avr/bin/../lib/gcc/avr/5.4.0/../../../../avr/lib/avrxmega3\libc.a(strnlen_P.o)
                0x0000000000001546                strnlen_P

.text.avrlibc   0x000000000000155c       0x16
 .text.avrlibc  0x000000000000155c       0x16 c:/program files/microchip/xc8/v2.32/avr/bin/../lib/gcc/avr/5.4.0/../../../../avr/lib/avrxmega3\libc.a(strnlen.o)
                0x000000000000155c                strnlen

.text.I2C0_SlaveIsTxComplete
                0x0000000000001572       0x14
 .text.I2C0_SlaveIsTxComplete
                0x0000000000001572       0x14 build/default/debug/mcc_generated_files/src/twi0_slave.o
                0x0000000000001572                I2C0_SlaveIsTxComplete

.text.I2C0_SlaveReset
                0x0000000000001586       0x12
 .text.I2C0_SlaveReset
                0x0000000000001586       0x12 build/default/debug/mcc_generated_files/src/twi0_slave.o
                0x0000000000001586                I2C0_SlaveReset

.text.ADC_GetVREF
                0x0000000000001598       0x12
 .text.ADC_GetVREF
                0x0000000000001598       0x12 build/default/debug/ADC_toVoltage_Temperature.o
                0x0000000000001598                ADC_GetVREF

.text.ADC0_StartDiffConversion
                0x00000000000015aa       0x10
 .text.ADC0_StartDiffConversion
                0x00000000000015aa       0x10 build/default/debug/mcc_generated_files/src/adc0.o
                0x00000000000015aa                ADC0_StartDiffConversion

.text.I2C0_ReadCallback
                0x00000000000015ba       0x10
 .text.I2C0_ReadCallback
                0x00000000000015ba       0x10 build/default/debug/mcc_generated_files/src/twi0_slave.o
                0x00000000000015ba                I2C0_ReadCallback

.text.I2C0_WriteCallback
                0x00000000000015ca       0x10
 .text.I2C0_WriteCallback
                0x00000000000015ca       0x10 build/default/debug/mcc_generated_files/src/twi0_slave.o
                0x00000000000015ca                I2C0_WriteCallback

.text.I2C0_AddressCallback
                0x00000000000015da       0x10
 .text.I2C0_AddressCallback
                0x00000000000015da       0x10 build/default/debug/mcc_generated_files/src/twi0_slave.o
                0x00000000000015da                I2C0_AddressCallback

.text.I2C0_StopCallback
                0x00000000000015ea       0x10
 .text.I2C0_StopCallback
                0x00000000000015ea       0x10 build/default/debug/mcc_generated_files/src/twi0_slave.o
                0x00000000000015ea                I2C0_StopCallback

.text.I2C0_SlaveWrite
                0x00000000000015fa       0x10
 .text.I2C0_SlaveWrite
                0x00000000000015fa       0x10 build/default/debug/mcc_generated_files/src/twi0_slave.o
                0x00000000000015fa                I2C0_SlaveWrite

.text.SLPCTRL_Initialize
                0x000000000000160a       0x10
 .text.SLPCTRL_Initialize
                0x000000000000160a       0x10 build/default/debug/mcc_generated_files/mcc.o
                0x000000000000160a                SLPCTRL_Initialize

.text.clear     0x000000000000161a        0xe
 .text.clear    0x000000000000161a        0xe build/default/debug/i2c_Temperature.o
                0x000000000000161a                clear

.text.avrlibc.fplib
                0x0000000000001628        0xe
 .text.avrlibc.fplib
                0x0000000000001628        0xe c:/program files/microchip/xc8/v2.32/avr/bin/../lib/gcc/avr/5.4.0/../../../../avr/lib/avrxmega3\libm.a(addsf3.o)
                0x0000000000001628                __subsf3
                0x000000000000162a                __addsf3

.text.avrlibc.fplib
                0x0000000000001636        0xe
 .text.avrlibc.fplib
                0x0000000000001636        0xe c:/program files/microchip/xc8/v2.32/avr/bin/../lib/gcc/avr/5.4.0/../../../../avr/lib/avrxmega3\libm.a(fixsfsi.o)
                0x0000000000001636                __fixsfsi

.text.avrlibc.fplib
                0x0000000000001644        0xe
 .text.avrlibc.fplib
                0x0000000000001644        0xe c:/program files/microchip/xc8/v2.32/avr/bin/../lib/gcc/avr/5.4.0/../../../../avr/lib/avrxmega3\libm.a(fp_pscA.o)
                0x0000000000001644                __fp_pscA

.text.avrlibc.fplib
                0x0000000000001652        0xe
 .text.avrlibc.fplib
                0x0000000000001652        0xe c:/program files/microchip/xc8/v2.32/avr/bin/../lib/gcc/avr/5.4.0/../../../../avr/lib/avrxmega3\libm.a(fp_pscB.o)
                0x0000000000001652                __fp_pscB

.text.avrlibc.fplib
                0x0000000000001660        0xe
 .text.avrlibc.fplib
                0x0000000000001660        0xe c:/program files/microchip/xc8/v2.32/avr/bin/../lib/gcc/avr/5.4.0/../../../../avr/lib/avrxmega3\libm.a(fp_zero.o)
                0x0000000000001660                __fp_zero
                0x0000000000001662                __fp_szero

.text.VREF_Initialize
                0x000000000000166e        0xc
 .text.VREF_Initialize
                0x000000000000166e        0xc build/default/debug/mcc_generated_files/src/vref.o
                0x000000000000166e                VREF_Initialize

.text.I2C0_SlaveIsDataInterrupt
                0x000000000000167a        0xc
 .text.I2C0_SlaveIsDataInterrupt
                0x000000000000167a        0xc build/default/debug/mcc_generated_files/src/twi0_slave.o
                0x000000000000167a                I2C0_SlaveIsDataInterrupt

.text.avrlibc.fplib
                0x0000000000001686        0xc
 .text.avrlibc.fplib
                0x0000000000001686        0xc c:/program files/microchip/xc8/v2.32/avr/bin/../lib/gcc/avr/5.4.0/../../../../avr/lib/avrxmega3\libm.a(fp_inf.o)
                0x0000000000001686                __fp_inf

.text.USART0_printCHAR
                0x0000000000001692        0xa
 .text.USART0_printCHAR
                0x0000000000001692        0xa build/default/debug/mcc_generated_files/src/usart0.o
                0x0000000000001692                USART0_printCHAR

.text.I2C0_SlaveDIR
                0x000000000000169c        0xa
 .text.I2C0_SlaveDIR
                0x000000000000169c        0xa build/default/debug/mcc_generated_files/src/twi0_slave.o
                0x000000000000169c                I2C0_SlaveDIR

.text.I2C0_SlaveIsNack
                0x00000000000016a6        0xa
 .text.I2C0_SlaveIsNack
                0x00000000000016a6        0xa build/default/debug/mcc_generated_files/src/twi0_slave.o
                0x00000000000016a6                I2C0_SlaveIsNack

.text.read_reg  0x00000000000016b0        0xa
 .text.read_reg
                0x00000000000016b0        0xa build/default/debug/i2c_Temperature.o
                0x00000000000016b0                read_reg

.text.avrlibc.fplib
                0x00000000000016ba        0xa
 .text.avrlibc.fplib
                0x00000000000016ba        0xa c:/program files/microchip/xc8/v2.32/avr/bin/../lib/gcc/avr/5.4.0/../../../../avr/lib/avrxmega3\libm.a(cmpsf2.o)
                0x00000000000016ba                __nesf2
                0x00000000000016ba                __eqsf2
                0x00000000000016ba                __cmpsf2
                0x00000000000016ba                __ltsf2
                0x00000000000016ba                __lesf2

.text.avrlibc.fplib
                0x00000000000016c4        0xa
 .text.avrlibc.fplib
                0x00000000000016c4        0xa c:/program files/microchip/xc8/v2.32/avr/bin/../lib/gcc/avr/5.4.0/../../../../avr/lib/avrxmega3\libm.a(gesf2.o)
                0x00000000000016c4                __gesf2
                0x00000000000016c4                __gtsf2

.text.protected_write_io
                0x00000000000016ce        0x8
 .text.protected_write_io
                0x00000000000016ce        0x8 build/default/debug/mcc_generated_files/src/protected_io.o
                0x00000000000016ce                protected_write_io

.text.ADC0_IsConversionDone
                0x00000000000016d6        0x8
 .text.ADC0_IsConversionDone
                0x00000000000016d6        0x8 build/default/debug/mcc_generated_files/src/adc0.o
                0x00000000000016d6                ADC0_IsConversionDone

.text.avrlibc.fplib
                0x00000000000016de        0x8
 .text.avrlibc.fplib
                0x00000000000016de        0x8 c:/program files/microchip/xc8/v2.32/avr/bin/../lib/gcc/avr/5.4.0/../../../../avr/lib/avrxmega3\libm.a(divsf3.o)
                0x00000000000016de                __divsf3

.text.avrlibc.fplib
                0x00000000000016e6        0x8
 .text.avrlibc.fplib
                0x00000000000016e6        0x8 c:/program files/microchip/xc8/v2.32/avr/bin/../lib/gcc/avr/5.4.0/../../../../avr/lib/avrxmega3\libm.a(mulsf3.o)
                0x00000000000016e6                __mulsf3

.text.I2C0_Read
                0x00000000000016ee        0x6
 .text.I2C0_Read
                0x00000000000016ee        0x6 build/default/debug/mcc_generated_files/src/twi0_slave.o
                0x00000000000016ee                I2C0_Read

.text.I2C0_Write
                0x00000000000016f4        0x6
 .text.I2C0_Write
                0x00000000000016f4        0x6 build/default/debug/mcc_generated_files/src/twi0_slave.o
                0x00000000000016f4                I2C0_Write

.text.I2C0_GotoUnaddressed
                0x00000000000016fa        0x6
 .text.I2C0_GotoUnaddressed
                0x00000000000016fa        0x6 build/default/debug/mcc_generated_files/src/twi0_slave.o
                0x00000000000016fa                I2C0_GotoUnaddressed

.text.avrlibc.fplib
                0x0000000000001700        0x6
 .text.avrlibc.fplib
                0x0000000000001700        0x6 c:/program files/microchip/xc8/v2.32/avr/bin/../lib/gcc/avr/5.4.0/../../../../avr/lib/avrxmega3\libm.a(fp_nan.o)
                0x0000000000001700                __fp_nan

.text           0x0000000000001706        0x4
 .text          0x0000000000001706        0x4 C:/Users/rtavi/.mchp_packs/Microchip/ATtiny_DFP/2.6.122/xc8/avr/lib/avrxmega3/crtattiny1627.o
                0x0000000000001706                __vector_28
                0x0000000000001706                __vector_1
                0x0000000000001706                __vector_24
                0x0000000000001706                __vector_12
                0x0000000000001706                __bad_interrupt
                0x0000000000001706                __vector_6
                0x0000000000001706                __vector_3
                0x0000000000001706                __vector_25
                0x0000000000001706                __vector_11
                0x0000000000001706                __vector_13
                0x0000000000001706                __vector_7
                0x0000000000001706                __vector_27
                0x0000000000001706                __vector_5
                0x0000000000001706                __vector_4
                0x0000000000001706                __vector_9
                0x0000000000001706                __vector_15
                0x0000000000001706                __vector_29
                0x0000000000001706                __vector_8
                0x0000000000001706                __vector_26
                0x0000000000001706                __vector_10
                0x0000000000001706                __vector_16
                0x0000000000001706                __vector_20

.data.USART0_stream
                0x0000000000803829        0xe load address 0x000000000000170a
 .data.USART0_stream
                0x0000000000803829        0xe build/default/debug/mcc_generated_files/src/usart0.o
                0x0000000000803829                USART0_stream

.data.USART0_tx_isr_cb
                0x0000000000803847        0x2 load address 0x0000000000001718
 .data.USART0_tx_isr_cb
                0x0000000000803847        0x2 build/default/debug/mcc_generated_files/src/usart0.o
                0x0000000000803847                USART0_tx_isr_cb

.data.USART0_rx_isr_cb
                0x0000000000803849        0x2 load address 0x000000000000171a
 .data.USART0_rx_isr_cb
                0x0000000000803849        0x2 build/default/debug/mcc_generated_files/src/usart0.o
                0x0000000000803849                USART0_rx_isr_cb
